Microchip MPLAB XC8 Compiler V2.32

Linker command line:

-W-3 --edf=C:\Program Files\Microchip\xc8\v2.32\pic\dat\en_msgs.txt -cn \
  -h+dist/default/production\PZ.production.sym \
  --cmf=dist/default/production\PZ.production.cmf -z -Q18F25K20 \
  -oC:\Temp\xcAs844.4 --defsym=__MPLAB_BUILD=1 \
  -Mdist/default/production/PZ.production.map -E1 -ver=XC8 Compiler \
  --acfsm=1493 -ASTACK=01DDh-05FFh -pstack=STACK -ACODE=00h-07FFFh \
  -ACONST=00h-07FFFh -ASMALLCONST=0600h-06FFhx122 \
  -AMEDIUMCONST=0600h-07FFFh -ACOMRAM=01h-05Fh -AABS1=00h-05FFh \
  -ABIGRAM=01h-05FFh -ARAM=060h-0FFh,0100h-01FFhx5 -ABANK0=060h-0FFh \
  -ABANK1=0100h-01FFh -ABANK2=0200h-02FFh -ABANK3=0300h-03FFh \
  -ABANK4=0400h-04FFh -ABANK5=0500h-05FFh -ASFR=0F60h-0FFFh \
  -ACONFIG=0300000h-030000Dh -AIDLOC=0200000h-0200007h \
  -AEEDATA=0F00000h-0F000FFh -peeprom_data=EEDATA \
  -preset_vec=00h,intcode=08h,intcodelo=018h,powerup,init -pramtop=0600h \
  -psmallconst=SMALLCONST -pmediumconst=MEDIUMCONST -pconst=CONST \
  -AFARRAM=00h-00h \
  -prdata=COMRAM,nvrram=COMRAM,nvbit=COMRAM,rbss=COMRAM,rbit=COMRAM \
  -pfarbss=FARRAM,fardata=FARRAM,nvFARRAM=FARRAM \
  -pintsave_regs=BIGRAM,bigbss=BIGRAM,bigdata=BIGRAM -pbss=RAM \
  -pidata=CODE,irdata=CODE,ibigdata=CODE,ifardata=CODE -prparam=COMRAM \
  C:\Temp\xcAs844.o dist/default/production\PZ.production.o 

Object code version is 3.11

Machine type is 18F25K20



                Name                               Link     Load   Length Selector   Space Scale
C:\Temp\xcAs844.o
                idloc                            200000   200000        8        0       5
                config                           300000   300000        E        0       4
                init                                 56       56        4        C       0
                reset_vec                             0        0        4        0       0
dist/default/production\PZ.production.o
                eeprom_data                      F00000   F00000        8   F00000       0
                intcodelo                            18       18       3E        C       0
                intcode                               8        8        6        4       0
                idloc                            200000   200000        8        0       5
                config                           300000   300000        E        0       4
                temp                                 46       46        1        1       1
                mediumconst                        7DFA     7DFA      206     3EFD       0
                text61                             3184     3184       4C        C       0
                text60                             35E4     35E4       26        C       0
                intcode_body                       2078     2078      162        C       0
                text57                             3504     3504       32        C       0
                text56                             2654     2654      10E        C       0
                text55                             2C16     2C16       96        C       0
                text54                             34D2     34D2       32        C       0
                text53                             34A0     34A0       32        C       0
                text52                             366A     366A       18        C       0
                text51                             2546     2546      10E        C       0
                text50                             2438     2438      10E        C       0
                text49                             36AC     36AC        A        C       0
                text48                             33BA     33BA       3C        C       0
                text47                             36A0     36A0        C        C       0
                text46                             3682     3682       12        C       0
                text45                             2FA4     2FA4       76        C       0
                text44                             3138     3138       4C        C       0
                text43                             321A     321A       4A        C       0
                text42                             337C     337C       3E        C       0
                text41                             35BE     35BE       26        C       0
                text40                             21DA     21DA      14A        C       0
                text39                             333A     333A       42        C       0
                text38                             2762     2762      100        C       0
                text37                             3592     3592       2C        C       0
                text36                             346A     346A       36        C       0
                text35                             2862     2862       EE        C       0
                text34                             3694     3694        C        C       0
                text33                             2DBA     2DBA       80        C       0
                text32                             2D3A     2D3A       80        C       0
                text31                             2F2C     2F2C       78        C       0
                text30                             301A     301A       68        C       0
                text29                             1BB6     1BB6      1C6        C       0
                text28                             3082     3082       5C        C       0
                text27                             2CAC     2CAC       8E        C       0
                text26                             17C0     17C0      22A        C       0
                text25                             362E     362E       20        C       0
                text24                             1564     1564      25C        C       0
                text23                             3430     3430       3A        C       0
                text22                             2B7A     2B7A       9C        C       0
                text21                             2A1E     2A1E       B2        C       0
                text20                             1EFC     1EFC      17C        C       0
                text19                             3536     3536       30        C       0
                text18                             33F6     33F6       3A        C       0
                text17                             2E3A     2E3A       7A        C       0
                text16                             31D0     31D0       4A        C       0
                text15                             3566     3566       2C        C       0
                text14                             32AC     32AC       48        C       0
                text13                               5A       5A      78C        C       0
                text12                             2324     2324      114        C       0
                text11                             2EB4     2EB4       78        C       0
                text10                             2950     2950       CE        C       0
                text9                              2AD0     2AD0       AA        C       0
                text8                              1D7C     1D7C      180        C       0
                text7                              122C     122C      338        C       0
                text6                              3264     3264       48        C       0
                text5                              32F4     32F4       46        C       0
                text4                              19EA     19EA      1CC        C       0
                text3                              364E     364E       1C        C       0
                text2                               EA6      EA6      386        C       0
                text1                              360A     360A       24        C       0
                text0                               7E6      7E6      6C0        C       0
                cstackCOMRAM                          1        1       26        1       1
                cstackBANK0                          60       60       A0       60       1
                cstackBANK1                         18C      18C       4A      100       1
                dataBANK1                           1D6      1D6        7      100       1
                bssBANK1                            100      100       8C      100       1
                dataCOMRAM                           45       45        1        1       1
                bssCOMRAM                            27       27       1D        1       1
                bitbssCOMRAM                        220       44        6        1       1     8
                cinit                              30DE     30DE       5A        C       0
                idataBANK1                         36B6     36B6        7        C       0
                idataCOMRAM                        36BD     36BD        1        C       0

TOTAL           Name                               Link     Load   Length     Space
        CLASS   STACK          

        CLASS   CODE           
                intcodelo                            18       18       3E         0
                intcode                               8        8        6         0
                init                                 56       56        4         0
                reset_vec                             0        0        4         0
                text61                             3184     3184       4C         0
                text60                             35E4     35E4       26         0
                intcode_body                       2078     2078      162         0
                text57                             3504     3504       32         0
                text56                             2654     2654      10E         0
                text55                             2C16     2C16       96         0
                text54                             34D2     34D2       32         0
                text53                             34A0     34A0       32         0
                text52                             366A     366A       18         0
                text51                             2546     2546      10E         0
                text50                             2438     2438      10E         0
                text49                             36AC     36AC        A         0
                text48                             33BA     33BA       3C         0
                text47                             36A0     36A0        C         0
                text46                             3682     3682       12         0
                text45                             2FA4     2FA4       76         0
                text44                             3138     3138       4C         0
                text43                             321A     321A       4A         0
                text42                             337C     337C       3E         0
                text41                             35BE     35BE       26         0
                text40                             21DA     21DA      14A         0
                text39                             333A     333A       42         0
                text38                             2762     2762      100         0
                text37                             3592     3592       2C         0
                text36                             346A     346A       36         0
                text35                             2862     2862       EE         0
                text34                             3694     3694        C         0
                text33                             2DBA     2DBA       80         0
                text32                             2D3A     2D3A       80         0
                text31                             2F2C     2F2C       78         0
                text30                             301A     301A       68         0
                text29                             1BB6     1BB6      1C6         0
                text28                             3082     3082       5C         0
                text27                             2CAC     2CAC       8E         0
                text26                             17C0     17C0      22A         0
                text25                             362E     362E       20         0
                text24                             1564     1564      25C         0
                text23                             3430     3430       3A         0
                text22                             2B7A     2B7A       9C         0
                text21                             2A1E     2A1E       B2         0
                text20                             1EFC     1EFC      17C         0
                text19                             3536     3536       30         0
                text18                             33F6     33F6       3A         0
                text17                             2E3A     2E3A       7A         0
                text16                             31D0     31D0       4A         0
                text15                             3566     3566       2C         0
                text14                             32AC     32AC       48         0
                text13                               5A       5A      78C         0
                text12                             2324     2324      114         0
                text11                             2EB4     2EB4       78         0
                text10                             2950     2950       CE         0
                text9                              2AD0     2AD0       AA         0
                text8                              1D7C     1D7C      180         0
                text7                              122C     122C      338         0
                text6                              3264     3264       48         0
                text5                              32F4     32F4       46         0
                text4                              19EA     19EA      1CC         0
                text3                              364E     364E       1C         0
                text2                               EA6      EA6      386         0
                text1                              360A     360A       24         0
                text0                               7E6      7E6      6C0         0
                cinit                              30DE     30DE       5A         0
                idataBANK1                         36B6     36B6        7         0
                idataCOMRAM                        36BD     36BD        1         0

        CLASS   CONST          

        CLASS   SMALLCONST     

        CLASS   MEDIUMCONST    
                mediumconst                        7DFA     7DFA      206         0

        CLASS   COMRAM         
                temp                                 46       46        1         1
                cstackCOMRAM                          1        1       26         1
                dataCOMRAM                           45       45        1         1
                bssCOMRAM                            27       27       1D         1
                bitbssCOMRAM                        220       44        6         1

        CLASS   ABS1           

        CLASS   BIGRAM         

        CLASS   RAM            

        CLASS   BANK0          
                cstackBANK0                          60       60       A0         1

        CLASS   BANK1          
                cstackBANK1                         18C      18C       4A         1
                dataBANK1                           1D6      1D6        7         1
                bssBANK1                            100      100       8C         1

        CLASS   BANK2          

        CLASS   BANK3          

        CLASS   BANK4          

        CLASS   BANK5          

        CLASS   SFR            

        CLASS   CONFIG         
                config                           300000   300000        E         4

        CLASS   IDLOC          
                idloc                            200000   200000        8         5

        CLASS   EEDATA         
                eeprom_data                      F00000   F00000        8         0

        CLASS   FARRAM         



SEGMENTS        Name                           Load    Length   Top    Selector   Space  Class

                reset_vec                      000000  000004  000004         0       0  CODE    
                cstackCOMRAM                   000001  000046  000047         1       1  COMRAM  
                intcode                        000008  000006  00000E         4       0  CODE    
                intcodelo                      000018  0036A6  0036BE         C       0  CODE    
                cstackBANK0                    000060  0000A0  000100        60       1  BANK0   
                bssBANK1                       000100  0000DD  0001DD       100       1  BANK1   
                mediumconst                    007DFA  000206  008000      3EFD       0  MEDIUMCO
                eeprom_data                    F00000  000008  F00008    F00000       0  EEDATA  


UNUSED ADDRESS RANGES

        Name                Unused          Largest block    Delta
        BANK1            0001DD-0001FF               23
        BANK2            000200-0002FF              100
        BANK3            000300-0003FF              100
        BANK4            000400-0004FF              100
        BANK5            000500-0005FF              100
        BIGRAM           000047-00005F               19
                         0001DD-0005FF              423
        CODE             000004-000007                4
                         00000E-000017                A
                         0036BE-007DF9             473C
        COMRAM           000047-00005F               19
        CONST            000004-000007                4
                         00000E-000017                A
                         0036BE-007DF9             473C
        EEDATA           F00008-F000FF               F8
        MEDIUMCONST      0036BE-007DF9             473C
        RAM              0001DD-0005FF              100
        SFR              000F60-000FFF               A0
        SMALLCONST       0036BE-007DF9              100
        STACK            0001DD-0005FF              423

                                  Symbol Table

?___awdiv                cstackCOMRAM 00001A
?___awmod                cstackCOMRAM 00001A
?___fladd                cstackBANK0  00007B
?___fldiv                cstackBANK0  000066
?___flmul                cstackBANK0  000066
?___flneg                cstackCOMRAM 00001A
?___flsub                cstackBANK0  00008B
?___fltol                cstackBANK0  0000B8
?___fpclassifyf          cstackCOMRAM 00001A
?___lldiv                cstackCOMRAM 00001A
?___lmul                 cstackCOMRAM 00001A
?___lodiv                cstackBANK0  000060
?___lomod                cstackBANK0  000060
?___lwdiv                cstackBANK0  000060
?___lwmod                cstackCOMRAM 00001A
?___wmul                 cstackCOMRAM 00001F
?___xxtofl               cstackCOMRAM 00001A
?_atoi                   cstackCOMRAM 000025
?_calc_power             cstackBANK0  000067
?_ctoa                   cstackCOMRAM 000023
?_efgtoa                 cstackBANK0  0000C2
?_floorf                 cstackBANK0  00007B
?_isdigit                cstackCOMRAM 00001A
?_isspace                cstackCOMRAM 00001A
?_isupper                cstackCOMRAM 00001A
?_nanf                   cstackCOMRAM 00001A
?_pad                    cstackBANK0  000063
?_sprintf                cstackBANK1  0001C4
?_sqrtf                  cstackBANK0  00008B
?_stoa                   cstackBANK0  000060
?_strlen                 cstackCOMRAM 00001A
?_strncmp                cstackCOMRAM 00001A
?_tolower                cstackCOMRAM 000020
?_utoa                   cstackBANK0  000070
?_vfpfcnvrt              cstackBANK0  0000CD
?_vfprintf               cstackBANK0  0000EC
?i2___lmul               cstackCOMRAM 000001
?i2___wmul               cstackCOMRAM 000001
EncPoll@Enc              bssCOMRAM    00003E
EncPoll@EncVal           bssCOMRAM    00003F
Inter_hi@lev             cstackCOMRAM 000013
Inter_hi@pulse           cstackCOMRAM 000015
PL10                     text13       000606
PL100                    text24       00177A
PL102                    text12       00241C
PL104                    text40       002308
PL106                    text0        000E78
PL108                    text26       0019BE
PL110                    text12       00242E
PL112                    text7        00154C
PL114                    text35       002940
PL116                    text17       002EA6
PL118                    text0        000E82
PL12                     text13       000624
PL120                    text0        000E90
PL122                    text2        00120A
PL124                    text26       0019C8
PL126                    text0        000E96
PL128                    text24       00178C
PL130                    text4        001B96
PL132                    text13       0007C8
PL134                    text32       002DAE
PL136                    text40       002318
PL138                    text33       002E22
PL14                     text0        000DF8
PL140                    text56       00274A
PL142                    text20       002060
PL144                    text20       00206C
PL146                    text24       001796
PL148                    text33       002E2E
PL150                    text24       0017A2
PL152                    text56       002756
PL154                    text27       002D2E
PL156                    text28       0030D2
PL158                    text13       0007D2
PL16                     text26       00197C
PL160                    text2        001218
PL162                    text24       0017AC
PL164                    text26       0019D6
PL166                    text24       0017B6
PL168                    text4        001BA0
PL170                    text26       0019E0
PL172                    text55       002CA2
PL174                    text13       0007DC
PL176                    text2        001222
PL178                    text21       002AC6
PL18                     text13       000656
PL180                    text0        000E9C
PL182                    text7        00155C
PL184                    text38       00285C
PL186                    text4        001BAA
PL188                    text4        001BB0
PL2                      text7        0014B2
PL20                     text38       002842
PL22                     text4        001B48
PL24                     text0        000E2A
PL26                     text13       000668
PL28                     text35       002932
PL30                     text38       00284E
PL32                     text13       00067E
PL34                     text13       00068C
PL36                     text13       00069A
PL38                     text13       0006BC
PL4                      text7        0014C6
PL40                     text4        001B54
PL42                     text13       0006DE
PL44                     text13       0006F2
PL46                     text2        0011F8
PL48                     text13       000704
PL50                     text13       000712
PL52                     text29       001D58
PL54                     text26       001988
PL56                     text7        00152C
PL58                     text7        00153C
PL6                      text7        0014EE
PL60                     text13       000720
PL62                     text26       001998
PL64                     text26       0019B0
PL66                     text20       00204E
PL68                     text4        001B5E
PL70                     text11       002F18
PL72                     text29       001D72
PL74                     text13       000738
PL76                     text13       00074A
PL78                     text0        000E54
PL8                      text7        00151E
PL80                     text13       00075C
PL82                     text4        001B72
PL84                     text13       00076E
PL86                     text13       000780
PL88                     text0        000E66
PL90                     text13       000792
PL92                     text13       0007A4
PL94                     text21       002AB4
PL96                     text13       0007B6
PL98                     text4        001B84
_ADCON0bits              (abs)        000FC2
_ADCON1                  (abs)        000FC1
_ADCON2bits              (abs)        000FC0
_ADIE                    (abs)        007CEE
_ADIF                    (abs)        007CF6
_ADRESH                  (abs)        000FC4
_ADRESL                  (abs)        000FC3
_ANSELbits               (abs)        000F7E
_EEADR                   (abs)        000FA9
_EECON1bits              (abs)        000FA6
_EECON2                  (abs)        000FA7
_EEDATA                  (abs)        000FA8
_EncData                 bssBANK1     000116
_EncPoll                 text57       003504
_EncState_               mediumconst  007E3B
_HD44780_CYR             mediumconst  007DFB
_INT0IE                  (abs)        007F94
_INT0IF                  (abs)        007F91
_INTCON2bits             (abs)        000FF1
_INTCONbits              (abs)        000FF2
_IPR1bits                (abs)        000F9F
_Inter_hi                intcode      000008
_Inter_hi$2484           cstackCOMRAM 000011
_Inter_lo                intcodelo    000018
_LATA                    (abs)        000F89
_LATAbits                (abs)        000F89
_LATB                    (abs)        000F8A
_LATC                    (abs)        000F8B
_LATCbits                (abs)        000F8B
_OSCCONbits              (abs)        000FD3
_OSCTUNEbits             (abs)        000F9B
_PIE1bits                (abs)        000F9D
_PIR1bits                (abs)        000F9E
_PORTA                   (abs)        000F80
_PORTB                   (abs)        000F81
_PORTC                   (abs)        000F82
_RBPU                    (abs)        007F8F
_RCONbits                (abs)        000FD0
_T0CONbits               (abs)        000FD5
_T1CONbits               (abs)        000FCD
_T1OSCEN                 (abs)        007E6B
_T3CONbits               (abs)        000FB1
_TMR0IE                  (abs)        007F95
_TMR0IF                  (abs)        007F92
_TMR0L                   (abs)        000FD6
_TMR1CS                  (abs)        007E69
_TMR1IE                  (abs)        007CE8
_TMR1IF                  (abs)        007CF0
_TMR1IP                  (abs)        007CF8
_TMR1ON                  (abs)        007E68
_TMR3IE                  (abs)        007D01
_TMR3IF                  (abs)        007D09
_TMR3IP                  (abs)        007D11
_TMR3ON                  (abs)        007D88
_TRISA                   (abs)        000F92
_TRISB                   (abs)        000F93
_TRISC                   (abs)        000F94
_TXIF                    (abs)        007CF4
_TXREG                   (abs)        000FAD
_TxtBuf                  bssBANK1     000175
_U_meas                  bssCOMRAM    00002B
_U_real                  bssBANK1     00018A
_U_summ                  bssBANK1     000110
_WPUB                    (abs)        000F7C
__HRAM                   (abs)        000000
__Habs1                  abs1         000000
__Hbank0                 bank0        000000
__Hbank1                 bank1        000000
__Hbank2                 bank2        000000
__Hbank3                 bank3        000000
__Hbank4                 bank4        000000
__Hbank5                 bank5        000000
__Hbigbss                bigbss       000000
__Hbigdata               bigdata      000000
__Hbigram                bigram       000000
__HbitbssCOMRAM          bitbssCOMRAM 000000
__Hbss                   bss          000000
__HbssBANK1              bssBANK1     000000
__HbssCOMRAM             bssCOMRAM    000000
__Hcinit                 cinit        000000
__Hclrtext               clrtext      000000
__Hcomram                comram       000000
__Hconfig                config       30000E
__Hconst                 const        000000
__HcstackBANK0           cstackBANK0  000000
__HcstackBANK1           cstackBANK1  000000
__HcstackCOMRAM          cstackCOMRAM 000000
__Hdata                  data         000000
__HdataBANK1             dataBANK1    000000
__HdataCOMRAM            dataCOMRAM   000000
__Heeprom_data           eeprom_data  F00008
__Hfarbss                farbss       000000
__Hfardata               fardata      000000
__Hibigdata              ibigdata     000000
__Hidata                 idata        000000
__HidataBANK1            idataBANK1   000000
__HidataCOMRAM           idataCOMRAM  000000
__Hidloc                 idloc        200008
__Hifardata              ifardata     000000
__Hinit                  init         00005A
__Hintcode               intcode      00000E
__Hintcode_body          intcode_body 000000
__Hintcodelo             intcodelo    000056
__Hintentry              intentry     000000
__Hintret                intret       000000
__Hintsave_regs          intsave_regs 000000
__Hirdata                irdata       000000
__Hmediumconst           mediumconst  008000
__HnvFARRAM              nvFARRAM     000000
__Hnvbit                 nvbit        000000
__Hnvrram                nvrram       000000
__Hpa_nodes0             pa_nodes0    000000
__Hparam                 rparam       000000
__Hpowerup               powerup      000056
__Hram                   ram          000000
__Hramtop                ramtop       000600
__Hrbit                  rbit         000000
__Hrbss                  rbss         000000
__Hrdata                 rdata        000000
__Hreset_vec             reset_vec    000004
__Hrparam                rparam       000000
__Hsfr                   sfr          000000
__Hsmallconst            smallconst   000000
__Hspace_0               (abs)        F00008
__Hspace_1               (abs)        000226
__Hspace_2               (abs)        000000
__Hspace_4               (abs)        60000E
__Hstack                 stack        000000
__Hstruct                struct       000000
__Htemp                  temp         000047
__Htext                  text         000000
__Htext0                 text0        000000
__Htext1                 text1        000000
__Htext10                text10       000000
__Htext11                text11       000000
__Htext12                text12       000000
__Htext13                text13       000000
__Htext14                text14       000000
__Htext15                text15       000000
__Htext16                text16       000000
__Htext17                text17       000000
__Htext18                text18       000000
__Htext19                text19       000000
__Htext2                 text2        000000
__Htext20                text20       000000
__Htext21                text21       000000
__Htext22                text22       000000
__Htext23                text23       000000
__Htext24                text24       000000
__Htext25                text25       000000
__Htext26                text26       000000
__Htext27                text27       000000
__Htext28                text28       000000
__Htext29                text29       000000
__Htext3                 text3        000000
__Htext30                text30       000000
__Htext31                text31       000000
__Htext32                text32       000000
__Htext33                text33       000000
__Htext34                text34       000000
__Htext35                text35       000000
__Htext36                text36       000000
__Htext37                text37       000000
__Htext38                text38       000000
__Htext39                text39       000000
__Htext4                 text4        000000
__Htext40                text40       000000
__Htext41                text41       000000
__Htext42                text42       000000
__Htext43                text43       000000
__Htext44                text44       000000
__Htext45                text45       000000
__Htext46                text46       000000
__Htext47                text47       000000
__Htext48                text48       000000
__Htext49                text49       000000
__Htext5                 text5        000000
__Htext50                text50       000000
__Htext51                text51       000000
__Htext52                text52       000000
__Htext53                text53       000000
__Htext54                text54       000000
__Htext55                text55       000000
__Htext56                text56       000000
__Htext57                text57       000000
__Htext6                 text6        000000
__Htext60                text60       000000
__Htext61                text61       000000
__Htext7                 text7        000000
__Htext8                 text8        000000
__Htext9                 text9        000000
__LRAM                   (abs)        000001
__Labs1                  abs1         000000
__Lbank0                 bank0        000000
__Lbank1                 bank1        000000
__Lbank2                 bank2        000000
__Lbank3                 bank3        000000
__Lbank4                 bank4        000000
__Lbank5                 bank5        000000
__Lbigbss                bigbss       000000
__Lbigdata               bigdata      000000
__Lbigram                bigram       000000
__LbitbssCOMRAM          bitbssCOMRAM 000000
__Lbss                   bss          000000
__LbssBANK1              bssBANK1     000000
__LbssCOMRAM             bssCOMRAM    000000
__Lcinit                 cinit        000000
__Lclrtext               clrtext      000000
__Lcomram                comram       000000
__Lconfig                config       000000
__Lconst                 const        000000
__LcstackBANK0           cstackBANK0  000000
__LcstackBANK1           cstackBANK1  000000
__LcstackCOMRAM          cstackCOMRAM 000000
__Ldata                  data         000000
__LdataBANK1             dataBANK1    000000
__LdataCOMRAM            dataCOMRAM   000000
__Leeprom_data           eeprom_data  F00000
__Lfarbss                farbss       000000
__Lfardata               fardata      000000
__Libigdata              ibigdata     000000
__Lidata                 idata        000000
__LidataBANK1            idataBANK1   000000
__LidataCOMRAM           idataCOMRAM  000000
__Lidloc                 idloc        000000
__Lifardata              ifardata     000000
__Linit                  init         000056
__Lintcode               intcode      000008
__Lintcode_body          intcode_body 000000
__Lintcodelo             intcodelo    000018
__Lintentry              intentry     000000
__Lintret                intret       000000
__Lintsave_regs          intsave_regs 000000
__Lirdata                irdata       000000
__Lmediumconst           mediumconst  007DFA
__LnvFARRAM              nvFARRAM     000000
__Lnvbit                 nvbit        000000
__Lnvrram                nvrram       000000
__Lpa_nodes0             pa_nodes0    000000
__Lparam                 rparam       000000
__Lpowerup               powerup      000056
__Lram                   ram          000000
__Lramtop                ramtop       000600
__Lrbit                  rbit         000000
__Lrbss                  rbss         000000
__Lrdata                 rdata        000000
__Lreset_vec             reset_vec    000000
__Lrparam                rparam       000000
__Lsfr                   sfr          000000
__Lsmallconst            smallconst   000000
__Lspace_0               (abs)        000000
__Lspace_1               (abs)        000000
__Lspace_2               (abs)        000000
__Lspace_4               (abs)        000000
__Lstack                 stack        000000
__Lstruct                struct       000000
__Ltemp                  temp         000046
__Ltext                  text         000000
__Ltext0                 text0        000000
__Ltext1                 text1        000000
__Ltext10                text10       000000
__Ltext11                text11       000000
__Ltext12                text12       000000
__Ltext13                text13       000000
__Ltext14                text14       000000
__Ltext15                text15       000000
__Ltext16                text16       000000
__Ltext17                text17       000000
__Ltext18                text18       000000
__Ltext19                text19       000000
__Ltext2                 text2        000000
__Ltext20                text20       000000
__Ltext21                text21       000000
__Ltext22                text22       000000
__Ltext23                text23       000000
__Ltext24                text24       000000
__Ltext25                text25       000000
__Ltext26                text26       000000
__Ltext27                text27       000000
__Ltext28                text28       000000
__Ltext29                text29       000000
__Ltext3                 text3        000000
__Ltext30                text30       000000
__Ltext31                text31       000000
__Ltext32                text32       000000
__Ltext33                text33       000000
__Ltext34                text34       000000
__Ltext35                text35       000000
__Ltext36                text36       000000
__Ltext37                text37       000000
__Ltext38                text38       000000
__Ltext39                text39       000000
__Ltext4                 text4        000000
__Ltext40                text40       000000
__Ltext41                text41       000000
__Ltext42                text42       000000
__Ltext43                text43       000000
__Ltext44                text44       000000
__Ltext45                text45       000000
__Ltext46                text46       000000
__Ltext47                text47       000000
__Ltext48                text48       000000
__Ltext49                text49       000000
__Ltext5                 text5        000000
__Ltext50                text50       000000
__Ltext51                text51       000000
__Ltext52                text52       000000
__Ltext53                text53       000000
__Ltext54                text54       000000
__Ltext55                text55       000000
__Ltext56                text56       000000
__Ltext57                text57       000000
__Ltext6                 text6        000000
__Ltext60                text60       000000
__Ltext61                text61       000000
__Ltext7                 text7        000000
__Ltext8                 text8        000000
__Ltext9                 text9        000000
__S0                     (abs)        F00008
__S1                     (abs)        0001DD
__S2                     (abs)        000000
__S4                     (abs)        000000
__S5                     (abs)        000000
___awdiv                 text31       002F2C
___awdiv@counter         cstackCOMRAM 00001E
___awdiv@dividend        cstackCOMRAM 00001A
___awdiv@divisor         cstackCOMRAM 00001C
___awdiv@quotient        cstackCOMRAM 000020
___awdiv@sign            cstackCOMRAM 00001F
___awmod                 text30       00301A
___awmod@counter         cstackCOMRAM 00001E
___awmod@dividend        cstackCOMRAM 00001A
___awmod@divisor         cstackCOMRAM 00001C
___awmod@sign            cstackCOMRAM 00001F
___fladd                 text24       001564
___fladd@a               cstackBANK0  00007F
___fladd@aexp            cstackBANK0  000088
___fladd@b               cstackBANK0  00007B
___fladd@bexp            cstackBANK0  000089
___fladd@grs             cstackBANK0  00008A
___fladd@signs           cstackBANK0  000087
___fldiv                 text29       001BB6
___fldiv@a               cstackBANK0  00006A
___fldiv@aexp            cstackBANK0  00007A
___fldiv@b               cstackBANK0  000066
___fldiv@bexp            cstackBANK0  000079
___fldiv@grs             cstackBANK0  000075
___fldiv@new_exp         cstackBANK0  000073
___fldiv@rem             cstackBANK0  00006E
___fldiv@sign            cstackBANK0  000072
___fleq                  text28       003082
___fleq@ff1              cstackCOMRAM 00001A
___fleq@ff2              cstackCOMRAM 00001E
___flge                  text27       002CAC
___flge@ff1              cstackBANK0  00007B
___flge@ff2              cstackBANK0  00007F
___flmul                 text26       0017C0
___flmul@a               cstackBANK0  00006A
___flmul@aexp            cstackBANK0  00006F
___flmul@b               cstackBANK0  000066
___flmul@bexp            cstackBANK0  000070
___flmul@grs             cstackBANK0  000071
___flmul@prod            cstackBANK0  000075
___flmul@sign            cstackBANK0  00006E
___flmul@temp            cstackBANK0  000079
___flneg                 text25       00362E
___flneg@f1              cstackCOMRAM 00001A
___flsub                 text23       003430
___flsub@a               cstackBANK0  00008F
___flsub@b               cstackBANK0  00008B
___fltol                 text22       002B7A
___fltol@exp1            cstackBANK0  0000C1
___fltol@f1              cstackBANK0  0000B8
___fltol@sign1           cstackBANK0  0000C0
___fpclassifyf           text21       002A1E
___fpclassifyf@F465      bssCOMRAM    000027
___fpclassifyf@e         cstackBANK0  000060
___fpclassifyf@u         cstackBANK0  000062
___fpclassifyf@x         cstackCOMRAM 00001A
___inthi_sp              stack        000000
___intlo_sp              stack        000000
___lldiv                 text45       002FA4
___lldiv@counter         cstackCOMRAM 000026
___lldiv@dividend        cstackCOMRAM 00001A
___lldiv@divisor         cstackCOMRAM 00001E
___lldiv@quotient        cstackCOMRAM 000022
___lmul                  text44       003138
___lmul@multiplicand     cstackCOMRAM 00001E
___lmul@multiplier       cstackCOMRAM 00001A
___lmul@product          cstackCOMRAM 000022
___lodiv                 text10       002950
___lodiv@counter         cstackCOMRAM 000022
___lodiv@dividend        cstackBANK0  000060
___lodiv@divisor         cstackBANK0  000068
___lodiv@quotient        cstackCOMRAM 00001A
___lomod                 text9        002AD0
___lomod@counter         cstackCOMRAM 00001A
___lomod@dividend        cstackBANK0  000060
___lomod@divisor         cstackBANK0  000068
___lwdiv                 text43       00321A
___lwdiv@counter         cstackBANK0  000064
___lwdiv@dividend        cstackBANK0  000060
___lwdiv@divisor         cstackBANK0  000062
___lwdiv@quotient        cstackBANK0  000065
___lwmod                 text42       00337C
___lwmod@counter         cstackCOMRAM 00001E
___lwmod@dividend        cstackCOMRAM 00001A
___lwmod@divisor         cstackCOMRAM 00001C
___param_bank            (abs)        000000
___rparam_used           (abs)        000001
___sp                    stack        000000
___wmul                  text41       0035BE
___wmul@multiplicand     cstackCOMRAM 000021
___wmul@multiplier       cstackCOMRAM 00001F
___wmul@product          cstackCOMRAM 000023
___xxtofl                text56       002654
___xxtofl@arg            cstackBANK0  000062
___xxtofl@exp            cstackBANK0  000061
___xxtofl@sign           cstackBANK0  000060
___xxtofl@val            cstackCOMRAM 00001A
__accesstop              (abs)        000060
__activetblptr           (abs)        000002
__end_ofPL10             text13       000624
__end_ofPL100            text24       00178C
__end_ofPL102            text12       00242E
__end_ofPL104            text40       002318
__end_ofPL106            text0        000E82
__end_ofPL108            text26       0019C8
__end_ofPL110            text12       002438
__end_ofPL112            text7        00155C
__end_ofPL114            text35       002950
__end_ofPL116            text17       002EB4
__end_ofPL118            text0        000E90
__end_ofPL12             text13       000656
__end_ofPL120            text0        000E96
__end_ofPL122            text2        001218
__end_ofPL124            text26       0019D6
__end_ofPL126            text0        000E9C
__end_ofPL128            text24       001796
__end_ofPL130            text4        001BA0
__end_ofPL132            text13       0007D2
__end_ofPL134            text32       002DBA
__end_ofPL136            text40       002324
__end_ofPL138            text33       002E2E
__end_ofPL14             text0        000E2A
__end_ofPL140            text56       002756
__end_ofPL142            text20       00206C
__end_ofPL144            text20       002078
__end_ofPL146            text24       0017A2
__end_ofPL148            text33       002E3A
__end_ofPL150            text24       0017AC
__end_ofPL152            text56       002762
__end_ofPL154            text27       002D3A
__end_ofPL156            text28       0030DE
__end_ofPL158            text13       0007DC
__end_ofPL16             text26       001988
__end_ofPL160            text2        001222
__end_ofPL162            text24       0017B6
__end_ofPL164            text26       0019E0
__end_ofPL166            text24       0017C0
__end_ofPL168            text4        001BAA
__end_ofPL170            text26       0019EA
__end_ofPL172            text55       002CAC
__end_ofPL174            text13       0007E6
__end_ofPL176            text2        00122C
__end_ofPL178            text21       002AD0
__end_ofPL18             text13       000668
__end_ofPL180            text0        000EA6
__end_ofPL182            text7        001564
__end_ofPL184            text38       002862
__end_ofPL186            text4        001BB0
__end_ofPL188            text4        001BB6
__end_ofPL2              text7        0014C6
__end_ofPL20             text38       00284E
__end_ofPL22             text4        001B54
__end_ofPL24             text0        000E54
__end_ofPL26             text13       00067E
__end_ofPL28             text35       002940
__end_ofPL30             text38       00285C
__end_ofPL32             text13       00068C
__end_ofPL34             text13       00069A
__end_ofPL36             text13       0006BC
__end_ofPL38             text13       0006DE
__end_ofPL4              text7        0014EE
__end_ofPL40             text4        001B5E
__end_ofPL42             text13       0006F2
__end_ofPL44             text13       000704
__end_ofPL46             text2        00120A
__end_ofPL48             text13       000712
__end_ofPL50             text13       000720
__end_ofPL52             text29       001D72
__end_ofPL54             text26       001998
__end_ofPL56             text7        00153C
__end_ofPL58             text7        00154C
__end_ofPL6              text7        00151E
__end_ofPL60             text13       000738
__end_ofPL62             text26       0019B0
__end_ofPL64             text26       0019BE
__end_ofPL66             text20       002060
__end_ofPL68             text4        001B72
__end_ofPL70             text11       002F2C
__end_ofPL72             text29       001D7C
__end_ofPL74             text13       00074A
__end_ofPL76             text13       00075C
__end_ofPL78             text0        000E66
__end_ofPL8              text7        00152C
__end_ofPL80             text13       00076E
__end_ofPL82             text4        001B84
__end_ofPL84             text13       000780
__end_ofPL86             text13       000792
__end_ofPL88             text0        000E78
__end_ofPL90             text13       0007A4
__end_ofPL92             text13       0007B6
__end_ofPL94             text21       002AC6
__end_ofPL96             text13       0007C8
__end_ofPL98             text4        001B96
__end_of_EncPoll         text57       003536
__end_of_EncState_       mediumconst  007E4B
__end_of_HD44780_CYR     mediumconst  007E3B
__end_of_Inter_hi        intcode_body 0021DA
__end_of_Inter_lo        intcodelo    000056
__end_of___awdiv         text31       002FA4
__end_of___awmod         text30       003082
__end_of___fladd         text24       00177A
__end_of___fldiv         text29       001D58
__end_of___fleq          text28       0030D2
__end_of___flge          text27       002D2E
__end_of___flmul         text26       00197C
__end_of___flneg         text25       00364E
__end_of___flsub         text23       00346A
__end_of___fltol         text22       002C16
__end_of___fpclassifyf   text21       002AB4
__end_of___lldiv         text45       00301A
__end_of___lmul          text44       003184
__end_of___lodiv         text10       002A1E
__end_of___lomod         text9        002B7A
__end_of___lwdiv         text43       003264
__end_of___lwmod         text42       0033BA
__end_of___wmul          text41       0035E4
__end_of___xxtofl        text56       00274A
__end_of__initialization cinit        00312A
__end_of_atoi            text35       002932
__end_of_calc_power      text40       002308
__end_of_cgrom_char      text53       0034D2
__end_of_clearLCD        text52       003682
__end_of_compile_date    mediumconst  007E57
__end_of_compile_time    mediumconst  007E60
__end_of_ctoa            text32       002DAE
__end_of_efgtoa          text13       000606
__end_of_floorf          text20       00204E
__end_of_fputc           text33       002E22
__end_of_fputs           text19       003566
__end_of_initLCD         text51       002654
__end_of_init_cpu        text50       002546
__end_of_isdigit         text37       0035BE
__end_of_isspace         text36       0034A0
__end_of_isupper         text15       003592
__end_of_key_GetKey      text49       0036B6
__end_of_key_press       text48       0033F6
__end_of_lcdNibble       text55       002CA2
__end_of_lcdPrint        text38       002842
__end_of_lcdWrite        text54       003504
__end_of_lcd_gotoxy      text39       00337C
__end_of_lcd_putc        text47       0036AC
__end_of_main            text0        000DF8
__end_of_nanf            text3        00366A
__end_of_pad             text17       002EA6
__end_of_putch           text34       0036A0
__end_of_read_eep        text46       003694
__end_of_show_lcd_main   text4        001B48
__end_of_sprintf         text5        00333A
__end_of_sqrtf           text2        0011F8
__end_of_stoa            text12       00241C
__end_of_strcpy          text16       00321A
__end_of_strlen          text18       003430
__end_of_strncmp         text11       002F18
__end_of_symbol_1        mediumconst  007E90
__end_of_symbol_2        mediumconst  007E88
__end_of_symbol_3        mediumconst  007E80
__end_of_symbol_4        mediumconst  007E78
__end_of_symbol_5        mediumconst  007E70
__end_of_symbol_6        mediumconst  007E68
__end_of_tolower         text14       0032F4
__end_of_utoa            text8        001EFC
__end_of_vfpfcnvrt       text7        0014B2
__end_of_vfprintf        text6        0032AC
__end_of_write_eep       text1        00362E
__end_ofi2___lmul        text61       0031D0
__end_ofi2___wmul        text60       00360A
__initialization         cinit        0030DE
__mediumconst            mediumconst  007DFA
__pbitbssCOMRAM          bitbssCOMRAM 000220
__pbssBANK1              bssBANK1     000100
__pbssCOMRAM             bssCOMRAM    000027
__pcinit                 cinit        0030DE
__pcstackBANK0           cstackBANK0  000060
__pcstackBANK1           cstackBANK1  00018C
__pcstackCOMRAM          cstackCOMRAM 000001
__pdataBANK1             dataBANK1    0001D6
__pdataCOMRAM            dataCOMRAM   000045
__pidataBANK1            idataBANK1   0036B6
__pidataCOMRAM           idataCOMRAM  0036BD
__pintcode               intcode      000008
__pintcode_body          intcode_body 002078
__pintcodelo             intcodelo    000018
__pmediumconst           mediumconst  007DFA
__ptext0                 text0        0007E6
__ptext1                 text1        00360A
__ptext10                text10       002950
__ptext11                text11       002EB4
__ptext12                text12       002324
__ptext13                text13       00005A
__ptext14                text14       0032AC
__ptext15                text15       003566
__ptext16                text16       0031D0
__ptext17                text17       002E3A
__ptext18                text18       0033F6
__ptext19                text19       003536
__ptext2                 text2        000EA6
__ptext20                text20       001EFC
__ptext21                text21       002A1E
__ptext22                text22       002B7A
__ptext23                text23       003430
__ptext24                text24       001564
__ptext25                text25       00362E
__ptext26                text26       0017C0
__ptext27                text27       002CAC
__ptext28                text28       003082
__ptext29                text29       001BB6
__ptext3                 text3        00364E
__ptext30                text30       00301A
__ptext31                text31       002F2C
__ptext32                text32       002D3A
__ptext33                text33       002DBA
__ptext34                text34       003694
__ptext35                text35       002862
__ptext36                text36       00346A
__ptext37                text37       003592
__ptext38                text38       002762
__ptext39                text39       00333A
__ptext4                 text4        0019EA
__ptext40                text40       0021DA
__ptext41                text41       0035BE
__ptext42                text42       00337C
__ptext43                text43       00321A
__ptext44                text44       003138
__ptext45                text45       002FA4
__ptext46                text46       003682
__ptext47                text47       0036A0
__ptext48                text48       0033BA
__ptext49                text49       0036AC
__ptext5                 text5        0032F4
__ptext50                text50       002438
__ptext51                text51       002546
__ptext52                text52       00366A
__ptext53                text53       0034A0
__ptext54                text54       0034D2
__ptext55                text55       002C16
__ptext56                text56       002654
__ptext57                text57       003504
__ptext6                 text6        003264
__ptext60                text60       0035E4
__ptext61                text61       003184
__ptext7                 text7        00122C
__ptext8                 text8        001D7C
__ptext9                 text9        002AD0
__ramtop                 ramtop       000600
__size_of_EncPoll        (abs)        000000
__size_of_Inter_hi       (abs)        000000
__size_of_Inter_lo       (abs)        000000
__size_of___awdiv        (abs)        000000
__size_of___awmod        (abs)        000000
__size_of___fladd        (abs)        000000
__size_of___fldiv        (abs)        000000
__size_of___fleq         (abs)        000000
__size_of___flge         (abs)        000000
__size_of___flmul        (abs)        000000
__size_of___flneg        (abs)        000000
__size_of___flsub        (abs)        000000
__size_of___fltol        (abs)        000000
__size_of___fpclassifyf  (abs)        000000
__size_of___lldiv        (abs)        000000
__size_of___lmul         (abs)        000000
__size_of___lodiv        (abs)        000000
__size_of___lomod        (abs)        000000
__size_of___lwdiv        (abs)        000000
__size_of___lwmod        (abs)        000000
__size_of___wmul         (abs)        000000
__size_of___xxtofl       (abs)        000000
__size_of_atoi           (abs)        000000
__size_of_calc_power     (abs)        000000
__size_of_cgrom_char     (abs)        000000
__size_of_clearLCD       (abs)        000000
__size_of_ctoa           (abs)        000000
__size_of_efgtoa         (abs)        000000
__size_of_floorf         (abs)        000000
__size_of_fputc          (abs)        000000
__size_of_fputs          (abs)        000000
__size_of_initLCD        (abs)        000000
__size_of_init_cpu       (abs)        000000
__size_of_isdigit        (abs)        000000
__size_of_isspace        (abs)        000000
__size_of_isupper        (abs)        000000
__size_of_key_GetKey     (abs)        000000
__size_of_key_press      (abs)        000000
__size_of_lcdNibble      (abs)        000000
__size_of_lcdPrint       (abs)        000000
__size_of_lcdWrite       (abs)        000000
__size_of_lcd_gotoxy     (abs)        000000
__size_of_lcd_putc       (abs)        000000
__size_of_main           (abs)        000000
__size_of_nanf           (abs)        000000
__size_of_pad            (abs)        000000
__size_of_putch          (abs)        000000
__size_of_read_eep       (abs)        000000
__size_of_show_lcd_main  (abs)        000000
__size_of_sprintf        (abs)        000000
__size_of_sqrtf          (abs)        000000
__size_of_stoa           (abs)        000000
__size_of_strcpy         (abs)        000000
__size_of_strlen         (abs)        000000
__size_of_strncmp        (abs)        000000
__size_of_tolower        (abs)        000000
__size_of_utoa           (abs)        000000
__size_of_vfpfcnvrt      (abs)        000000
__size_of_vfprintf       (abs)        000000
__size_of_write_eep      (abs)        000000
__size_ofi2___lmul       (abs)        000000
__size_ofi2___wmul       (abs)        000000
__smallconst             smallconst   000000
_atoi                    text35       002862
_atoi$2105               cstackBANK0  000066
_atoi$2106               cstackBANK0  00006A
_atoi$2107               cstackBANK0  000068
_calc_power              text40       0021DA
_calc_power$2468         cstackBANK0  000073
_calc_power$2469         cstackBANK0  000077
_cgrom_char              text53       0034A0
_clearLCD                text52       00366A
_cnt_adc                 bssBANK1     00011A
_coef                    bssBANK1     000108
_compile_date            mediumconst  007E4B
_compile_time            mediumconst  007E57
_count_enc               bssBANK1     00011F
_ctoa                    text32       002D3A
_dbuf                    bssBANK1     000125
_efgtoa                  text13       00005A
_efgtoa$2020             cstackBANK1  00018C
_efgtoa$2021             cstackBANK1  00018E
_efgtoa$2026             cstackBANK1  000190
_efgtoa$2030             cstackBANK1  000192
_efgtoa$2031             cstackBANK1  000194
_efgtoa$2032             cstackBANK1  000196
_err                     bssCOMRAM    000039
_eusartRxCount           bssCOMRAM    000042
_eusartTxBufferRemaining bssCOMRAM    000043
_flags                   bssCOMRAM    000033
_floorf                  text20       001EFC
_fputc                   text33       002DBA
_fputs                   text19       003536
_getU                    bssCOMRAM    000040
_inc_data                bitbssCOMRAM 000221
_initLCD                 text51       002546
_init_cpu                text50       002438
_is_power                bitbssCOMRAM 000224
_is_stab                 bitbssCOMRAM 000225
_isdigit                 text37       003592
_isspace                 text36       00346A
_isspace$2136            cstackCOMRAM 000020
_isupper                 text15       003566
_key_GetKey              text49       0036AC
_key_press               text48       0033BA
_key_pressed             bssCOMRAM    00003D
_lcdNibble               text55       002C16
_lcdPrint                text38       002762
_lcdWrite                text54       0034D2
_lcd_gotoxy              text39       00333A
_lcd_putc                text47       0036A0
_main                    text0        0007E6
_main$2467               cstackBANK1  0001D2
_nanf                    text3        00364E
_nout                    bssBANK1     000114
_pad                     text17       002E3A
_power                   bssBANK1     000120
_power_100               bitbssCOMRAM 000222
_pp                      dataCOMRAM   000045
_prec                    bssCOMRAM    000031
_pressed_key             bssBANK1     000121
_ps                      bssCOMRAM    000037
_putch                   text34       003694
_r_dec                   bssBANK1     00011D
_r_whole                 bssBANK1     00011E
_read_eep                text46       003682
_read_key                bssBANK1     000122
_sel_main                bssBANK1     00011C
_show_lcd_main           text4        0019EA
_show_tp                 bitbssCOMRAM 000223
_sprintf                 text5        0032F4
_sqrtU_sum               bssBANK1     00010C
_sqrtf                   text2        000EA6
_stoa                    text12       002324
_strcpy                  text16       0031D0
_strlen                  text18       0033F6
_strncmp                 text11       002EB4
_symbol_1                mediumconst  007E88
_symbol_2                mediumconst  007E80
_symbol_3                mediumconst  007E78
_symbol_4                mediumconst  007E70
_symbol_5                mediumconst  007E68
_symbol_6                mediumconst  007E60
_t_power                 bssCOMRAM    00003B
_t_res                   bssBANK1     000104
_tick_t1                 bssBANK1     000124
_tick_t1_1               bssBANK1     000123
_tolower                 text14       0032AC
_tolower$2230            cstackBANK0  000060
_utoa                    text8        001D7C
_vfpfcnvrt               text7        00122C
_vfpfcnvrt$2064          cstackBANK0  0000E0
_vfpfcnvrt$2069          cstackBANK0  0000E2
_vfprintf                text6        003264
_watt_disp               bssBANK1     000118
_width                   bssCOMRAM    00002F
_write_eep               text1        00360A
_zero                    bssCOMRAM    000041
atoi@n                   cstackBANK0  00006B
atoi@neg                 cstackBANK0  000064
atoi@s                   cstackCOMRAM 000025
btemp                    temp         000046
calc_power@p_w           cstackBANK0  00007A
calc_power@pwr           cstackBANK0  000079
calc_power@res           cstackBANK0  000067
calc_power@tt            cstackBANK0  00006F
calc_power@u_rl          cstackBANK0  00006B
cgrom_char@address       cstackCOMRAM 000020
cgrom_char@i             cstackCOMRAM 000021
cgrom_char@symbol        cstackCOMRAM 00001E
ctoa@c                   cstackCOMRAM 000024
ctoa@fp                  cstackCOMRAM 000023
ctoa@l                   cstackBANK0  000060
ctoa@w                   cstackBANK0  000062
efgtoa@c                 cstackBANK0  0000C7
efgtoa@d                 cstackBANK1  0001A4
efgtoa@e                 cstackBANK1  0001BC
efgtoa@f                 cstackBANK0  0000C3
efgtoa@fp                cstackBANK0  0000C2
efgtoa@g                 cstackBANK1  0001B6
efgtoa@h                 cstackBANK1  0001AE
efgtoa@i                 cstackBANK1  0001BA
efgtoa@l                 cstackBANK1  0001B2
efgtoa@m                 cstackBANK1  00019E
efgtoa@mode              cstackBANK1  0001AD
efgtoa@n                 cstackBANK1  0001BE
efgtoa@ne                cstackBANK1  00019C
efgtoa@nmode             cstackBANK1  0001AA
efgtoa@ou                cstackBANK1  0001A0
efgtoa@p                 cstackBANK1  0001A8
efgtoa@pp                cstackBANK1  00019A
efgtoa@sign              cstackBANK1  0001A6
efgtoa@t                 cstackBANK1  000198
efgtoa@u                 cstackBANK1  0001C0
efgtoa@w                 cstackBANK1  0001AB
end_of_initialization    cinit        00312A
floorf@F527              bssBANK1     000100
floorf@e                 cstackBANK0  000089
floorf@m                 cstackBANK0  000085
floorf@u                 cstackBANK0  00008B
floorf@x                 cstackBANK0  00007B
fputc@c                  cstackCOMRAM 00001B
fputc@fp                 cstackCOMRAM 00001D
fputs@c                  cstackCOMRAM 000023
fputs@fp                 cstackBANK0  000062
fputs@i                  cstackCOMRAM 000024
fputs@s                  cstackBANK0  000060
i2___lmul                text61       003184
i2___lmul@multiplicand   cstackCOMRAM 000005
i2___lmul@multiplier     cstackCOMRAM 000001
i2___lmul@product        cstackCOMRAM 000009
i2___wmul                text60       0035E4
i2___wmul@multiplicand   cstackCOMRAM 000003
i2___wmul@multiplier     cstackCOMRAM 000001
i2___wmul@product        cstackCOMRAM 000005
int$flags                temp         000046
int_func                 intcode_body 002078
intlevel0                text         000000
intlevel1                text         000000
intlevel2                text         000000
intlevel3                text         000000
isa$std                  (abs)        000001
isa$xinst                (abs)        000000
isdigit@c                cstackCOMRAM 00001A
isspace@c                cstackCOMRAM 00001A
isupper@c                cstackCOMRAM 00001A
key_GetKey@key           cstackCOMRAM 00001A
key_press@count          bssCOMRAM    000035
key_press@key            cstackCOMRAM 00001A
lcdNibble@nibble         cstackCOMRAM 00001B
lcdPrint@t               cstackCOMRAM 000023
lcdWrite@byte            cstackCOMRAM 00001D
lcdWrite@type            cstackCOMRAM 00001C
lcd_gotoxy@address       cstackCOMRAM 000022
lcd_gotoxy@x             cstackCOMRAM 000021
lcd_gotoxy@y             cstackCOMRAM 00001E
lcd_putc@c               cstackCOMRAM 00001E
main@whole_dec           bitbssCOMRAM 000220
nanf@s                   cstackCOMRAM 00001A
nanf@u                   cstackCOMRAM 00001E
pad@buf                  cstackBANK0  000064
pad@fp                   cstackBANK0  000063
pad@i                    cstackBANK0  000068
pad@p                    cstackBANK0  000066
pad@w                    cstackBANK0  00006A
putch@data               cstackCOMRAM 00001A
read_eep@address         cstackCOMRAM 00001A
show_lcd_main@pwr_dsp    cstackBANK0  0000FA
sprintf@ap               cstackBANK0  0000F2
sprintf@f                cstackBANK0  0000F4
sprintf@fmt              cstackBANK1  0001C6
sprintf@s                cstackBANK1  0001C4
sqrtf@__xc8_float_word   cstackBANK0  00009C
sqrtf@i                  cstackBANK0  000098
sqrtf@ix                 cstackBANK0  0000B4
sqrtf@m                  cstackBANK0  0000AC
sqrtf@q                  cstackBANK0  0000A0
sqrtf@r                  cstackBANK0  0000B0
sqrtf@s                  cstackBANK0  000094
sqrtf@t                  cstackBANK0  0000A4
sqrtf@x                  cstackBANK0  00008B
sqrtf@z                  cstackBANK0  0000A8
stackhi                  (abs)        0005FF
stacklo                  (abs)        0001DD
start                    init         000056
start_initialization     cinit        0030DE
stoa@F1160               dataBANK1    0001D6
stoa@cp                  cstackBANK0  00006E
stoa@fp                  cstackBANK0  000060
stoa@i                   cstackBANK0  00006A
stoa@l                   cstackBANK0  000072
stoa@nuls                cstackBANK0  000063
stoa@p                   cstackBANK0  000070
stoa@s                   cstackBANK0  000061
stoa@w                   cstackBANK0  00006C
strcpy@d                 cstackCOMRAM 000022
strcpy@dest              cstackCOMRAM 00001A
strcpy@s                 cstackCOMRAM 000020
strcpy@src               cstackCOMRAM 00001C
strlen@a                 cstackCOMRAM 00001C
strlen@s                 cstackCOMRAM 00001A
strncmp@_l               cstackCOMRAM 00001A
strncmp@_r               cstackCOMRAM 00001B
strncmp@l                cstackCOMRAM 000022
strncmp@n                cstackCOMRAM 00001D
strncmp@r                cstackCOMRAM 000020
tolower@c                cstackCOMRAM 000020
ttemp5                   temp         000047
ttemp6                   temp         00004A
ttemp7                   temp         00004E
utoa@d                   cstackBANK0  000071
utoa@fp                  cstackBANK0  000070
utoa@i                   cstackBANK0  00008D
utoa@n                   cstackBANK0  000085
utoa@p                   cstackBANK0  000081
utoa@w                   cstackBANK0  000083
vfpfcnvrt@ap             cstackBANK0  0000CF
vfpfcnvrt@c              cstackBANK0  0000EB
vfpfcnvrt@cp             cstackBANK0  0000DC
vfpfcnvrt@ct             cstackBANK0  0000E8
vfpfcnvrt@done           cstackBANK0  0000DE
vfpfcnvrt@f              cstackBANK0  0000E4
vfpfcnvrt@fmt            cstackBANK0  0000CE
vfpfcnvrt@fp             cstackBANK0  0000CD
vfpfcnvrt@llu            cstackBANK0  0000D4
vfprintf@ap              cstackBANK0  0000EF
vfprintf@cfmt            cstackBANK0  0000F0
vfprintf@fmt             cstackBANK0  0000ED
vfprintf@fp              cstackBANK0  0000EC
write_eep@address        cstackCOMRAM 00001B
write_eep@data           cstackCOMRAM 00001A
wtemp8                   temp         000047


MODULE INFORMATION

Module		Function		Class		Link	Load	Size
C:\Program Files\Microchip\xc8\v2.32\pic\sources\c99\common\nf_sprintf.c
		_sprintf       		CODE           	32F4	0000	70

C:\Program Files\Microchip\xc8\v2.32\pic\sources\c99\common\nf_sprintf.c estimated size: 70

C:\Program Files\Microchip\xc8\v2.32\pic\sources\c99\common\awdiv.c
		___awdiv       		CODE           	2F2C	0000	120

C:\Program Files\Microchip\xc8\v2.32\pic\sources\c99\common\awdiv.c estimated size: 120

C:\Program Files\Microchip\xc8\v2.32\pic\sources\c99\common\isdigit.c
		_isdigit       		CODE           	3592	0000	44

C:\Program Files\Microchip\xc8\v2.32\pic\sources\c99\common\isdigit.c estimated size: 44

C:\Program Files\Microchip\xc8\v2.32\pic\sources\c99\common\sprcadd.c
		___flsub       		CODE           	3430	0000	58
		___fladd       		CODE           	1564	0000	534

C:\Program Files\Microchip\xc8\v2.32\pic\sources\c99\common\sprcadd.c estimated size: 592

C:\Program Files\Microchip\xc8\v2.32\pic\sources\c99\common\doprnt.c
		_vfpfcnvrt     		CODE           	122C	0000	646
		_efgtoa        		CODE           	005A	0000	1452
		_pad           		CODE           	2E3A	0000	108
		_ctoa          		CODE           	2D3A	0000	116
		_vfprintf      		CODE           	3264	0000	72
		_stoa          		CODE           	2324	0000	248
		_utoa          		CODE           	1D7C	0000	384

C:\Program Files\Microchip\xc8\v2.32\pic\sources\c99\common\doprnt.c estimated size: 3026

C:\Program Files\Microchip\xc8\v2.32\pic\sources\c99\common\flneg.c
		___flneg       		CODE           	362E	0000	32

C:\Program Files\Microchip\xc8\v2.32\pic\sources\c99\common\flneg.c estimated size: 32

eusart.c
		_putch         		CODE           	3694	0000	12

eusart.c estimated size: 12

C:\Program Files\Microchip\xc8\v2.32\pic\sources\c99\common\nanf.c
		_nanf          		CODE           	364E	0000	28

C:\Program Files\Microchip\xc8\v2.32\pic\sources\c99\common\nanf.c estimated size: 28

C:\Program Files\Microchip\xc8\v2.32\pic\sources\c99\common\lomod.c
		___lomod       		CODE           	2AD0	0000	170

C:\Program Files\Microchip\xc8\v2.32\pic\sources\c99\common\lomod.c estimated size: 170

C:\Program Files\Microchip\xc8\v2.32\pic\sources\c99\common\lwmod.c
		___lwmod       		CODE           	337C	0000	62

C:\Program Files\Microchip\xc8\v2.32\pic\sources\c99\common\lwmod.c estimated size: 62

C:\Program Files\Microchip\xc8\v2.32\pic\sources\c99\common\atoi.c
		_atoi          		CODE           	2862	0000	208

C:\Program Files\Microchip\xc8\v2.32\pic\sources\c99\common\atoi.c estimated size: 208

C:\Program Files\Microchip\xc8\v2.32\pic\sources\c99\common\nf_fputs.c
		_fputs         		CODE           	3536	0000	48

C:\Program Files\Microchip\xc8\v2.32\pic\sources\c99\common\nf_fputs.c estimated size: 48

C:\Program Files\Microchip\xc8\v2.32\pic\sources\c99\common\fleq.c
		___fleq        		CODE           	3082	0000	80

C:\Program Files\Microchip\xc8\v2.32\pic\sources\c99\common\fleq.c estimated size: 80

C:\Program Files\Microchip\xc8\v2.32\pic\sources\c99\common\__fpclassifyf.c
		___fpclassifyf 		CODE           	2A1E	0000	150

C:\Program Files\Microchip\xc8\v2.32\pic\sources\c99\common\__fpclassifyf.c estimated size: 150

eeprom.c
		_read_eep      		CODE           	3682	0000	18
		_write_eep     		CODE           	360A	0000	36

eeprom.c estimated size: 54

C:\Program Files\Microchip\xc8\v2.32\pic\sources\c99\common\isupper.c
		_isupper       		CODE           	3566	0000	44

C:\Program Files\Microchip\xc8\v2.32\pic\sources\c99\common\isupper.c estimated size: 44

C:\Program Files\Microchip\xc8\v2.32\pic\sources\c99\common\Umul16.c
		___wmul        		CODE           	35BE	0000	38

C:\Program Files\Microchip\xc8\v2.32\pic\sources\c99\common\Umul16.c estimated size: 38

key.c
		_key_GetKey    		CODE           	36AC	0000	10
		_key_press     		CODE           	33BA	0000	60

key.c estimated size: 70

C:\Program Files\Microchip\xc8\v2.32\pic\sources\c99\common\isspace.c
		_isspace       		CODE           	346A	0000	54

C:\Program Files\Microchip\xc8\v2.32\pic\sources\c99\common\isspace.c estimated size: 54

interrupt.c
		_Inter_lo      		CODE           	0018	0000	62
		_Inter_hi      		CODE           	0008	0000	360

interrupt.c estimated size: 422

C:\Program Files\Microchip\xc8\v2.32\pic\sources\c99\common\lodiv.c
		___lodiv       		CODE           	2950	0000	206

C:\Program Files\Microchip\xc8\v2.32\pic\sources\c99\common\lodiv.c estimated size: 206

C:\Program Files\Microchip\xc8\v2.32\pic\sources\c99\common\strncmp.c
		_strncmp       		CODE           	2EB4	0000	100

C:\Program Files\Microchip\xc8\v2.32\pic\sources\c99\common\strncmp.c estimated size: 100

C:\Program Files\Microchip\xc8\v2.32\pic\sources\c99\common\tolower.c
		_tolower       		CODE           	32AC	0000	72

C:\Program Files\Microchip\xc8\v2.32\pic\sources\c99\common\tolower.c estimated size: 72

shared
		PL12           		CODE           	0624	0000	50
		PL50           		CODE           	0712	0000	14
		PL8            		CODE           	151E	0000	14
		PL22           		CODE           	1B48	0000	12
		PL60           		CODE           	0720	0000	24
		PL178          		CODE           	2AC6	0000	10
		PL100          		CODE           	177A	0000	18
		PL32           		CODE           	067E	0000	14
		PL70           		CODE           	2F18	0000	20
		PL42           		CODE           	06DE	0000	20
		PL80           		CODE           	075C	0000	18
		PL188          		CODE           	1BB0	0000	6
		PL110          		CODE           	242E	0000	10
		PL14           		CODE           	0DF8	0000	50
		PL52           		CODE           	1D58	0000	26
		PL90           		CODE           	0792	0000	18
		PL24           		CODE           	0E2A	0000	42
		PL62           		CODE           	1998	0000	24
		PL120          		CODE           	0E90	0000	6
		PL34           		CODE           	068C	0000	14
		PL72           		CODE           	1D72	0000	10
		PL44           		CODE           	06F2	0000	18
		PL82           		CODE           	1B72	0000	18
		PL130          		CODE           	1B96	0000	10
		PL16           		CODE           	197C	0000	12
		PL54           		CODE           	1988	0000	16
		PL92           		CODE           	07A4	0000	18
		PL26           		CODE           	0668	0000	22
		PL64           		CODE           	19B0	0000	14
		PL102          		CODE           	241C	0000	18
		PL140          		CODE           	274A	0000	12
		PL36           		CODE           	069A	0000	34
		PL74           		CODE           	0738	0000	18
		PL46           		CODE           	11F8	0000	18
		PL84           		CODE           	076E	0000	18
		PL112          		CODE           	154C	0000	16
		PL150          		CODE           	17A2	0000	10
		PL18           		CODE           	0656	0000	18
		PL56           		CODE           	152C	0000	16
		PL94           		CODE           	2AB4	0000	18
		PL28           		CODE           	2932	0000	14
		PL66           		CODE           	204E	0000	18
		PL122          		CODE           	120A	0000	14
		PL160          		CODE           	1218	0000	10
		PL38           		CODE           	06BC	0000	34
		PL76           		CODE           	074A	0000	18
		PL48           		CODE           	0704	0000	14
		PL86           		CODE           	0780	0000	18
		PL132          		CODE           	07C8	0000	10
		PL170          		CODE           	19E0	0000	10
		PL58           		CODE           	153C	0000	16
		PL96           		CODE           	07B6	0000	18
		PL68           		CODE           	1B5E	0000	20
		PL104          		CODE           	2308	0000	16
		PL142          		CODE           	2060	0000	12
		PL180          		CODE           	0E9C	0000	10
		PL78           		CODE           	0E54	0000	18
		i2___wmul      		CODE           	35E4	0000	38
		PL88           		CODE           	0E66	0000	18
		PL114          		CODE           	2940	0000	16
		PL152          		CODE           	2756	0000	12
		PL98           		CODE           	1B84	0000	18
		PL124          		CODE           	19C8	0000	14
		PL162          		CODE           	17AC	0000	10
		__initialization		CODE           	30DE	0000	76
		PL134          		CODE           	2DAE	0000	12
		PL172          		CODE           	2CA2	0000	10
		i2___lmul      		CODE           	3184	0000	76
		PL106          		CODE           	0E78	0000	10
		PL144          		CODE           	206C	0000	12
		PL182          		CODE           	155C	0000	8
		_compile_date  		MEDIUMCONST    	7E4B	0000	12
		_compile_time  		MEDIUMCONST    	7E57	0000	9
		PL116          		CODE           	2EA6	0000	14
		PL154          		CODE           	2D2E	0000	12
		_symbol_1      		MEDIUMCONST    	7E88	0000	8
		_symbol_2      		MEDIUMCONST    	7E80	0000	8
		_symbol_3      		MEDIUMCONST    	7E78	0000	8
		_symbol_4      		MEDIUMCONST    	7E70	0000	8
		_symbol_5      		MEDIUMCONST    	7E68	0000	8
		_symbol_6      		MEDIUMCONST    	7E60	0000	8
		PL126          		CODE           	0E96	0000	6
		PL164          		CODE           	19D6	0000	10
		PL136          		CODE           	2318	0000	12
		PL174          		CODE           	07DC	0000	10
		_EncState_     		MEDIUMCONST    	7E3B	0000	16
		PL108          		CODE           	19BE	0000	10
		PL146          		CODE           	1796	0000	12
		PL184          		CODE           	285C	0000	6
		PL118          		CODE           	0E82	0000	14
		PL156          		CODE           	30D2	0000	12
		_HD44780_CYR   		MEDIUMCONST    	7DFB	0000	64
		PL128          		CODE           	178C	0000	10
		PL166          		CODE           	17B6	0000	10
		PL138          		CODE           	2E22	0000	12
		PL176          		CODE           	1222	0000	10
		PL2            		CODE           	14B2	0000	20
		PL148          		CODE           	2E2E	0000	12
		PL186          		CODE           	1BAA	0000	6
		PL10           		CODE           	0606	0000	30
		PL4            		CODE           	14C6	0000	40
		PL20           		CODE           	2842	0000	12
		PL158          		CODE           	07D2	0000	10
		PL30           		CODE           	284E	0000	14
		PL6            		CODE           	14EE	0000	48
		PL40           		CODE           	1B54	0000	10
		PL168          		CODE           	1BA0	0000	10

shared estimated size: 1865

C:\Program Files\Microchip\xc8\v2.32\pic\sources\c99\common\sprcmul.c
		___flmul       		CODE           	17C0	0000	444

C:\Program Files\Microchip\xc8\v2.32\pic\sources\c99\common\sprcmul.c estimated size: 444

C:\Program Files\Microchip\xc8\v2.32\pic\sources\c99\common\awmod.c
		___awmod       		CODE           	301A	0000	104

C:\Program Files\Microchip\xc8\v2.32\pic\sources\c99\common\awmod.c estimated size: 104

C:\Program Files\Microchip\xc8\v2.32\pic\sources\c99\common\sprcdiv.c
		___fldiv       		CODE           	1BB6	0000	418

C:\Program Files\Microchip\xc8\v2.32\pic\sources\c99\common\sprcdiv.c estimated size: 418

C:\Program Files\Microchip\xc8\v2.32\pic\sources\c99\common\sqrtf.c
		_sqrtf         		CODE           	0EA6	0000	850

C:\Program Files\Microchip\xc8\v2.32\pic\sources\c99\common\sqrtf.c estimated size: 850

C:\Program Files\Microchip\xc8\v2.32\pic\sources\c99\common\lwdiv.c
		___lwdiv       		CODE           	321A	0000	74

C:\Program Files\Microchip\xc8\v2.32\pic\sources\c99\common\lwdiv.c estimated size: 74

C:\Program Files\Microchip\xc8\v2.32\pic\sources\c99\common\Umul32.c
		___lmul        		CODE           	3138	0000	76

C:\Program Files\Microchip\xc8\v2.32\pic\sources\c99\common\Umul32.c estimated size: 76

hd44780.c
		_lcd_putc      		CODE           	36A0	0000	12
		_cgrom_char    		CODE           	34A0	0000	50
		_lcd_gotoxy    		CODE           	333A	0000	66
		_lcdNibble     		CODE           	2C16	0000	140
		_lcdWrite      		CODE           	34D2	0000	50
		_lcdPrint      		CODE           	2762	0000	224
		_initLCD       		CODE           	2546	0000	270
		_clearLCD      		CODE           	366A	0000	24

hd44780.c estimated size: 836

C:\Program Files\Microchip\xc8\v2.32\pic\sources\c99\common\fltol.c
		___fltol       		CODE           	2B7A	0000	156

C:\Program Files\Microchip\xc8\v2.32\pic\sources\c99\common\fltol.c estimated size: 156

C:\Program Files\Microchip\xc8\v2.32\pic\sources\c99\common\xxtofl.c
		___xxtofl      		CODE           	2654	0000	246

C:\Program Files\Microchip\xc8\v2.32\pic\sources\c99\common\xxtofl.c estimated size: 246

C:\Program Files\Microchip\xc8\v2.32\pic\sources\c99\common\nf_fputc.c
		_fputc         		CODE           	2DBA	0000	104

C:\Program Files\Microchip\xc8\v2.32\pic\sources\c99\common\nf_fputc.c estimated size: 104

C:\Program Files\Microchip\xc8\v2.32\pic\sources\c99\common\__lldiv.c
		___lldiv       		CODE           	2FA4	0000	118

C:\Program Files\Microchip\xc8\v2.32\pic\sources\c99\common\__lldiv.c estimated size: 118

main.c
		_show_lcd_main 		CODE           	19EA	0000	350
		_main          		CODE           	07E6	0000	1554
		_init_cpu      		CODE           	2438	0000	270
		_calc_power    		CODE           	21DA	0000	302
		_EncPoll       		CODE           	3504	0000	50

main.c estimated size: 2526

C:\Program Files\Microchip\xc8\v2.32\pic\sources\c99\common\strlen.c
		_strlen        		CODE           	33F6	0000	58

C:\Program Files\Microchip\xc8\v2.32\pic\sources\c99\common\strlen.c estimated size: 58

C:\Program Files\Microchip\xc8\v2.32\pic\sources\c99\common\flge.c
		___flge        		CODE           	2CAC	0000	130

C:\Program Files\Microchip\xc8\v2.32\pic\sources\c99\common\flge.c estimated size: 130

C:\Program Files\Microchip\xc8\v2.32\pic\sources\c99\common\floorf.c
		_floorf        		CODE           	1EFC	0000	338

C:\Program Files\Microchip\xc8\v2.32\pic\sources\c99\common\floorf.c estimated size: 338

C:\Program Files\Microchip\xc8\v2.32\pic\sources\c99\common\strcpy.c
		_strcpy        		CODE           	31D0	0000	74

C:\Program Files\Microchip\xc8\v2.32\pic\sources\c99\common\strcpy.c estimated size: 74

