Microchip MPLAB XC8 Compiler V2.36

Linker command line:

-W-3 --edf=C:\Program Files\Microchip\xc8\v2.36\pic\dat\en_msgs.txt -cn \
  -h+dist/default/production\PZ.production.sym \
  --cmf=dist/default/production\PZ.production.cmf -z -Q18F25K20 \
  -oC:\Temp\xcAs250.4 --defsym=__MPLAB_BUILD=1 \
  -Mdist/default/production/PZ.production.map --md=C:\Temp\xcAs250.dat -E1 \
  -ver=XC8 Compiler --acfsm=1493 -ACODE=00h-07FFFh -ACONST=00h-07FFFh \
  -ASMALLCONST=0600h-06FFhx122 -AMEDIUMCONST=0600h-07FFFh -ACOMRAM=01h-05Fh \
  -AABS1=00h-05FFh -ABIGRAM=01h-05FFh -ARAM=060h-0FFh,0100h-01FFhx5 \
  -ABANK0=060h-0FFh -ABANK1=0100h-01FFh -ABANK2=0200h-02FFh \
  -ABANK3=0300h-03FFh -ABANK4=0400h-04FFh -ABANK5=0500h-05FFh \
  -ASFR=0F60h-0FFFh -ABIGSFR=0F60h-0FFFh -ACONFIG=0300000h-030000Dh \
  -AIDLOC=0200000h-0200007h -AEEDATA=0F00000h-0F000FFh -peeprom_data=EEDATA \
  -preset_vec=00h,intcode=08h,intcodelo=018h,powerup,init -pramtop=0600h \
  -psmallconst=SMALLCONST -pmediumconst=MEDIUMCONST -pconst=CONST \
  -AFARRAM=00h-00h \
  -prdata=COMRAM,nvrram=COMRAM,nvbit=COMRAM,rbss=COMRAM,rbit=COMRAM \
  -pfarbss=FARRAM,fardata=FARRAM,nvFARRAM=FARRAM \
  -pintsave_regs=BIGRAM,bigbss=BIGRAM,bigdata=BIGRAM -pbss=RAM \
  -pidata=CODE,irdata=CODE,ibigdata=CODE,ifardata=CODE -prparam=COMRAM \
  C:\Temp\xcAs250.o dist/default/production\PZ.production.o 

Object code version is 3.11

Machine type is 18F25K20



                Name                               Link     Load   Length Selector   Space Scale
C:\Temp\xcAs250.o
                idloc                            200000   200000        8        0       5
                config                           300000   300000        E        0       4
                init                                 AE       AE        4        C       0
                reset_vec                             0        0        4        0       0
dist/default/production\PZ.production.o
                eeprom_data                      F00000   F00000        8   F00000       0
                intcodelo                            18       18       96        C       0
                intcode                               8        8        6        4       0
                idloc                            200000   200000        8        0       5
                config                           300000   300000        E        0       4
                temp                                 46       46        1        1       1
                mediumconst                        7DAC     7DAC      254     3ED6       0
                text69                             38F4     38F4       4C        C       0
                text68                             3DD2     3DD2       26        C       0
                intcode_body                       255E     255E      162        C       0
                text65                             3CCE     3CCE       32        C       0
                text64                             2CA4     2CA4      10E        C       0
                text63                             32EC     32EC       96        C       0
                text62                             3C9C     3C9C       32        C       0
                text61                             3C6A     3C6A       32        C       0
                text60                             3E74     3E74       18        C       0
                text59                             2B96     2B96      10E        C       0
                text58                             38A6     38A6       4E        C       0
                text57                             3D58     3D58       2C        C       0
                text56                             3ADC     3ADC       3E        C       0
                text55                             3D84     3D84       28        C       0
                text54                             2814     2814      13A        C       0
                text53                             3EB6     3EB6        A        C       0
                text52                             3B1A     3B1A       3C        C       0
                text51                             3858     3858       4E        C       0
                text50                             3E58     3E58       1C        C       0
                text49                             3A9C     3A9C       40        C       0
                text48                             294E     294E      132        C       0
                text47                             3E8C     3E8C       12        C       0
                text46                             3620     3620       78        C       0
                text45                             3808     3808       50        C       0
                text44                             398A     398A       4A        C       0
                text43                             3A5C     3A5C       40        C       0
                text42                             3DAC     3DAC       26        C       0
                text41                             26C0     26C0      154        C       0
                text40                             3A1A     3A1A       42        C       0
                text39                             2DB2     2DB2      100        C       0
                text38                             3EAA     3EAA        C        C       0
                text37                             3D2C     3D2C       2C        C       0
                text36                             3C00     3C00       36        C       0
                text35                             2F80     2F80       CC        C       0
                text34                             3E9E     3E9E        C        C       0
                text33                             349A     349A       8A        C       0
                text32                             3410     3410       8A        C       0
                text31                             35A8     35A8       78        C       0
                text30                             3698     3698       68        C       0
                text29                             2098     2098      1C6        C       0
                text28                             3700     3700       5E        C       0
                text27                             3382     3382       8E        C       0
                text26                             1E6E     1E6E      22A        C       0
                text25                             3E1C     3E1C       20        C       0
                text24                             1C12     1C12      25C        C       0
                text23                             3B90     3B90       3A        C       0
                text22                             3250     3250       9C        C       0
                text21                             304C     304C       B2        C       0
                text20                             23E2     23E2      17C        C       0
                text19                             3C36     3C36       34        C       0
                text18                             3B56     3B56       3A        C       0
                text17                             3524     3524       84        C       0
                text16                             3940     3940       4A        C       0
                text15                             3D00     3D00       2C        C       0
                text14                             3BCA     3BCA       36        C       0
                text13                              9AC      9AC      76A        C       0
                text12                             2A80     2A80      116        C       0
                text11                             31A8     31A8       A8        C       0
                text10                             2EB2     2EB2       CE        C       0
                text9                              30FE     30FE       AA        C       0
                text8                              225E     225E      184        C       0
                text7                              1116     1116      3C6        C       0
                text6                              37B8     37B8       50        C       0
                text5                              39D4     39D4       46        C       0
                text4                              14DC     14DC      3B0        C       0
                text3                              3E3C     3E3C       1C        C       0
                text2                              188C     188C      386        C       0
                text1                              3DF8     3DF8       24        C       0
                text0                                B2       B2      8FA        C       0
                cstackCOMRAM                          1        1       24        1       1
                cstackBANK0                          60       60       9D       60       1
                cstackBANK1                         1A3      1A3       53      100       1
                dataBANK1                           1F6      1F6        7      100       1
                bssBANK1                            100      100       A3      100       1
                dataCOMRAM                           45       45        1        1       1
                bssCOMRAM                            25       25       1F        1       1
                bitbssCOMRAM                        220       44        7        1       1     8
                cinit                              375E     375E       5A        C       0
                idataBANK1                         3EC0     3EC0        7        C       0
                idataCOMRAM                        3EC7     3EC7        1        C       0

TOTAL           Name                               Link     Load   Length     Space
        CLASS   CODE           
                intcodelo                            18       18       96         0
                intcode                               8        8        6         0
                init                                 AE       AE        4         0
                reset_vec                             0        0        4         0
                text69                             38F4     38F4       4C         0
                text68                             3DD2     3DD2       26         0
                intcode_body                       255E     255E      162         0
                text65                             3CCE     3CCE       32         0
                text64                             2CA4     2CA4      10E         0
                text63                             32EC     32EC       96         0
                text62                             3C9C     3C9C       32         0
                text61                             3C6A     3C6A       32         0
                text60                             3E74     3E74       18         0
                text59                             2B96     2B96      10E         0
                text58                             38A6     38A6       4E         0
                text57                             3D58     3D58       2C         0
                text56                             3ADC     3ADC       3E         0
                text55                             3D84     3D84       28         0
                text54                             2814     2814      13A         0
                text53                             3EB6     3EB6        A         0
                text52                             3B1A     3B1A       3C         0
                text51                             3858     3858       4E         0
                text50                             3E58     3E58       1C         0
                text49                             3A9C     3A9C       40         0
                text48                             294E     294E      132         0
                text47                             3E8C     3E8C       12         0
                text46                             3620     3620       78         0
                text45                             3808     3808       50         0
                text44                             398A     398A       4A         0
                text43                             3A5C     3A5C       40         0
                text42                             3DAC     3DAC       26         0
                text41                             26C0     26C0      154         0
                text40                             3A1A     3A1A       42         0
                text39                             2DB2     2DB2      100         0
                text38                             3EAA     3EAA        C         0
                text37                             3D2C     3D2C       2C         0
                text36                             3C00     3C00       36         0
                text35                             2F80     2F80       CC         0
                text34                             3E9E     3E9E        C         0
                text33                             349A     349A       8A         0
                text32                             3410     3410       8A         0
                text31                             35A8     35A8       78         0
                text30                             3698     3698       68         0
                text29                             2098     2098      1C6         0
                text28                             3700     3700       5E         0
                text27                             3382     3382       8E         0
                text26                             1E6E     1E6E      22A         0
                text25                             3E1C     3E1C       20         0
                text24                             1C12     1C12      25C         0
                text23                             3B90     3B90       3A         0
                text22                             3250     3250       9C         0
                text21                             304C     304C       B2         0
                text20                             23E2     23E2      17C         0
                text19                             3C36     3C36       34         0
                text18                             3B56     3B56       3A         0
                text17                             3524     3524       84         0
                text16                             3940     3940       4A         0
                text15                             3D00     3D00       2C         0
                text14                             3BCA     3BCA       36         0
                text13                              9AC      9AC      76A         0
                text12                             2A80     2A80      116         0
                text11                             31A8     31A8       A8         0
                text10                             2EB2     2EB2       CE         0
                text9                              30FE     30FE       AA         0
                text8                              225E     225E      184         0
                text7                              1116     1116      3C6         0
                text6                              37B8     37B8       50         0
                text5                              39D4     39D4       46         0
                text4                              14DC     14DC      3B0         0
                text3                              3E3C     3E3C       1C         0
                text2                              188C     188C      386         0
                text1                              3DF8     3DF8       24         0
                text0                                B2       B2      8FA         0
                cinit                              375E     375E       5A         0
                idataBANK1                         3EC0     3EC0        7         0
                idataCOMRAM                        3EC7     3EC7        1         0

        CLASS   CONST          

        CLASS   SMALLCONST     

        CLASS   MEDIUMCONST    
                mediumconst                        7DAC     7DAC      254         0

        CLASS   COMRAM         
                temp                                 46       46        1         1
                cstackCOMRAM                          1        1       24         1
                dataCOMRAM                           45       45        1         1
                bssCOMRAM                            25       25       1F         1
                bitbssCOMRAM                        220       44        7         1

        CLASS   ABS1           

        CLASS   BIGRAM         

        CLASS   RAM            

        CLASS   BANK0          
                cstackBANK0                          60       60       9D         1

        CLASS   BANK1          
                cstackBANK1                         1A3      1A3       53         1
                dataBANK1                           1F6      1F6        7         1
                bssBANK1                            100      100       A3         1

        CLASS   BANK2          

        CLASS   BANK3          

        CLASS   BANK4          

        CLASS   BANK5          

        CLASS   SFR            

        CLASS   BIGSFR         

        CLASS   CONFIG         
                config                           300000   300000        E         4

        CLASS   IDLOC          
                idloc                            200000   200000        8         5

        CLASS   EEDATA         
                eeprom_data                      F00000   F00000        8         0

        CLASS   FARRAM         

        CLASS   HEAP           

        CLASS   STACK          



SEGMENTS        Name                           Load    Length   Top    Selector   Space  Class

                reset_vec                      000000  000004  000004         0       0  CODE    
                cstackCOMRAM                   000001  000046  000047         1       1  COMRAM  
                intcode                        000008  000006  00000E         4       0  CODE    
                intcodelo                      000018  003EB0  003EC8         C       0  CODE    
                cstackBANK0                    000060  00009D  0000FD        60       1  BANK0   
                bssBANK1                       000100  0000FD  0001FD       100       1  BANK1   
                mediumconst                    007DAC  000254  008000      3ED6       0  MEDIUMCO
                eeprom_data                    F00000  000008  F00008    F00000       0  EEDATA  


UNUSED ADDRESS RANGES

        Name                Unused          Largest block    Delta
        BANK0            0000FD-0000FF                3
        BANK1            0001FD-0001FF                3
        BANK2            000200-0002FF              100
        BANK3            000300-0003FF              100
        BANK4            000400-0004FF              100
        BANK5            000500-0005FF              100
        BIGRAM           000047-00005F               19
                         0000FD-0000FF                3
                         0001FD-0005FF              403
        BIGSFR           000F60-000FFF               A0
        CODE             000004-000007                4
                         00000E-000017                A
                         003EC8-007DAB             3EE4
        COMRAM           000047-00005F               19
        CONST            000004-000007                4
                         00000E-000017                A
                         003EC8-007DAB             3EE4
        EEDATA           F00008-F000FF               F8
        MEDIUMCONST      003EC8-007DAB             3EE4
        RAM              0000FD-0000FF                3
                         0001FD-0005FF              100
        SFR              000F60-000FFF               A0
        SMALLCONST       003EC8-007DAB              100

                                  Symbol Table

?___awdiv                 cstackCOMRAM 00001A
?___awmod                 cstackCOMRAM 00001A
?___fladd                 cstackBANK0  00007F
?___fldiv                 cstackBANK0  000066
?___flmul                 cstackBANK0  000066
?___flneg                 cstackCOMRAM 00001A
?___flsub                 cstackBANK0  00008F
?___fltol                 cstackBANK0  0000BC
?___fpclassifyf           cstackCOMRAM 00001A
?___lldiv                 cstackCOMRAM 00001A
?___lmul                  cstackCOMRAM 00001A
?___lodiv                 cstackBANK0  000060
?___lomod                 cstackBANK0  000060
?___lwdiv                 cstackCOMRAM 00001A
?___lwmod                 cstackCOMRAM 000021
?___wmul                  cstackBANK0  000061
?___xxtofl                cstackCOMRAM 00001A
?_atoi                    cstackBANK0  000067
?_calc_power              cstackBANK0  000067
?_ctoa                    cstackBANK0  000060
?_efgtoa                  cstackBANK0  0000C4
?_floorf                  cstackBANK0  00007F
?_isdigit                 cstackCOMRAM 00001A
?_isspace                 cstackCOMRAM 00001A
?_isupper                 cstackCOMRAM 00001A
?_nanf                    cstackCOMRAM 00001A
?_pad                     cstackBANK0  000067
?_sprintf                 cstackBANK1  0001D5
?_sqrtf                   cstackBANK0  00008F
?_stoa                    cstackBANK0  000060
?_strlen                  cstackCOMRAM 00001A
?_strncmp                 cstackCOMRAM 00001A
?_tolower                 cstackCOMRAM 000020
?_utoa                    cstackBANK0  000071
?_vfpfcnvrt               cstackBANK0  0000D0
?_vfprintf                cstackBANK0  0000EF
?i2___lmul                cstackCOMRAM 000001
?i2___wmul                cstackCOMRAM 000001
EncPoll@Enc               bssCOMRAM    00003E
EncPoll@EncVal            bssCOMRAM    00003F
Inter_hi@lev              cstackCOMRAM 000013
Inter_hi@pulse            cstackCOMRAM 000015
PL10                      text4        0017F6
PL100                     text0        000962
PL102                     text13       0010B0
PL104                     text13       0010C2
PL106                     text21       0030E2
PL108                     text41       0027EE
PL110                     text17       003596
PL112                     text13       0010D4
PL114                     text24       001E28
PL116                     text12       002B74
PL118                     text4        00185E
PL12                      text7        00147A
PL120                     text4        001870
PL122                     text13       0010E6
PL124                     text11       003244
PL126                     text0        000974
PL128                     text48       002A6C
PL130                     text32       00348A
PL132                     text0        00097A
PL134                     text0        000980
PL136                     text35       00303C
PL138                     text7        0014BA
PL14                      text39       002E92
PL140                     text12       002B86
PL142                     text33       00351A
PL144                     text26       00206C
PL146                     text0        00098A
PL148                     text26       002076
PL150                     text2        001BF0
PL152                     text13       0010F8
PL154                     text24       001E3A
PL156                     text41       002800
PL158                     text64       002D9A
PL16                      text13       000F34
PL160                     text27       003404
PL162                     text64       002DA6
PL164                     text20       002546
PL166                     text20       002552
PL168                     text24       001E44
PL170                     text28       003752
PL172                     text24       001E50
PL174                     text48       002A76
PL176                     text7        0014CA
PL178                     text13       001102
PL18                      text13       000F52
PL180                     text13       00110C
PL182                     text2        001BFE
PL184                     text21       0030F4
PL186                     text2        001C08
PL188                     text24       001E5A
PL190                     text0        000998
PL192                     text26       002084
PL194                     text24       001E64
PL196                     text0        0009A2
PL198                     text4        001876
PL2                       text7        001402
PL20                      text0        0008EA
PL200                     text26       00208E
PL202                     text63       003378
PL204                     text7        0014D4
PL206                     text4        001880
PL208                     text4        001886
PL210                     text41       00280C
PL212                     text39       002EAC
PL22                      text26       00202A
PL24                      text13       000F84
PL26                      text4        001806
PL28                      text0        00091C
PL30                      text4        001812
PL32                      text4        00181E
PL34                      text7        001482
PL36                      text13       000F96
PL38                      text35       00302E
PL4                       text7        001416
PL40                      text39       002E9E
PL42                      text13       000FAC
PL44                      text13       000FBA
PL46                      text13       000FDC
PL48                      text13       000FFE
PL50                      text13       00100E
PL52                      text13       001022
PL54                      text2        001BDE
PL56                      text13       001034
PL58                      text13       001042
PL6                       text7        00143A
PL60                      text29       00223A
PL62                      text4        001828
PL64                      text26       002036
PL66                      text7        00148A
PL68                      text7        00149A
PL70                      text7        0014AA
PL72                      text26       002046
PL74                      text13       001050
PL76                      text11       003236
PL78                      text26       00205E
PL8                       text7        00146C
PL80                      text20       002534
PL82                      text4        001838
PL84                      text29       002254
PL86                      text0        000946
PL88                      text13       001068
PL90                      text0        000950
PL92                      text13       00107A
PL94                      text4        00184C
PL96                      text13       00108C
PL98                      text13       00109E
_ADCON0bits               (abs)        000FC2
_ADCON1                   (abs)        000FC1
_ADCON2bits               (abs)        000FC0
_ADIE                     (abs)        007CEE
_ADIF                     (abs)        007CF6
_ADRESH                   (abs)        000FC4
_ADRESL                   (abs)        000FC3
_ANSELbits                (abs)        000F7E
_AlarmTemp                bssBANK1     000127
_AlarmTempT               bssBANK1     000126
_BAUDCONbits              (abs)        000FB8
_EEADR                    (abs)        000FA9
_EECON1bits               (abs)        000FA6
_EECON2                   (abs)        000FA7
_EEDATA                   (abs)        000FA8
_EncData                  bssBANK1     000116
_EncPoll                  text65       003CCE
_EncState_                mediumconst  007DED
_HD44780_CYR              mediumconst  007DAD
_INT0IE                   (abs)        007F94
_INT0IF                   (abs)        007F91
_INTCON2bits              (abs)        000FF1
_INTCONbits               (abs)        000FF2
_IPR1bits                 (abs)        000F9F
_Inter_hi                 intcode      000008
_Inter_hi$2885            cstackCOMRAM 000011
_Inter_lo                 intcodelo    000018
_LATA                     (abs)        000F89
_LATAbits                 (abs)        000F89
_LATB                     (abs)        000F8A
_LATC                     (abs)        000F8B
_LATCbits                 (abs)        000F8B
_OSCCONbits               (abs)        000FD3
_OSCTUNEbits              (abs)        000F9B
_PIE1bits                 (abs)        000F9D
_PIR1bits                 (abs)        000F9E
_PORTA                    (abs)        000F80
_PORTB                    (abs)        000F81
_PORTBbits                (abs)        000F81
_PORTC                    (abs)        000F82
_PR2                      (abs)        000FCB
_RBPU                     (abs)        007F8F
_RCONbits                 (abs)        000FD0
_RCSTAbits                (abs)        000FAB
_SPBRG                    (abs)        000FAF
_SPBRGH                   (abs)        000FB0
_T0CONbits                (abs)        000FD5
_T1CONbits                (abs)        000FCD
_T1OSCEN                  (abs)        007E6B
_T2CONbits                (abs)        000FCA
_T3CONbits                (abs)        000FB1
_TMR0IE                   (abs)        007F95
_TMR0IF                   (abs)        007F92
_TMR0L                    (abs)        000FD6
_TMR1CS                   (abs)        007E69
_TMR1IE                   (abs)        007CE8
_TMR1IF                   (abs)        007CF0
_TMR1IP                   (abs)        007CF8
_TMR1ON                   (abs)        007E68
_TMR2IE                   (abs)        007CE9
_TMR2IF                   (abs)        007CF1
_TMR2ON                   (abs)        007E52
_TMR3IE                   (abs)        007D01
_TMR3IF                   (abs)        007D09
_TMR3IP                   (abs)        007D11
_TMR3ON                   (abs)        007D88
_TRISA                    (abs)        000F92
_TRISB                    (abs)        000F93
_TRISBbits                (abs)        000F93
_TRISC                    (abs)        000F94
_TRISCbits                (abs)        000F94
_TXIF                     (abs)        007CF4
_TXREG                    (abs)        000FAD
_TXSTAbits                (abs)        000FAC
_TempEn                   bssBANK1     000125
_TempEnT                  bssBANK1     000124
_TxtBuf                   bssBANK1     00017D
_U_meas                   bssCOMRAM    000029
_U_real                   bssBANK1     00019B
_U_summ                   bssBANK1     000110
_WPUB                     (abs)        000F7C
__HRAM                    (abs)        000000
__Habs1                   abs1         000000
__Hbank0                  bank0        000000
__Hbank1                  bank1        000000
__Hbank2                  bank2        000000
__Hbank3                  bank3        000000
__Hbank4                  bank4        000000
__Hbank5                  bank5        000000
__Hbigbss                 bigbss       000000
__Hbigdata                bigdata      000000
__Hbigram                 bigram       000000
__Hbigsfr                 bigsfr       000000
__HbitbssCOMRAM           bitbssCOMRAM 000000
__Hbss                    bss          000000
__HbssBANK1               bssBANK1     000000
__HbssCOMRAM              bssCOMRAM    000000
__Hcinit                  cinit        000000
__Hclrtext                clrtext      000000
__Hcomram                 comram       000000
__Hconfig                 config       30000E
__Hconst                  const        000000
__HcstackBANK0            cstackBANK0  000000
__HcstackBANK1            cstackBANK1  000000
__HcstackCOMRAM           cstackCOMRAM 000000
__Hdata                   data         000000
__HdataBANK1              dataBANK1    000000
__HdataCOMRAM             dataCOMRAM   000000
__Heeprom_data            eeprom_data  F00008
__Hfarbss                 farbss       000000
__Hfardata                fardata      000000
__Hheap                   heap         000000
__Hibigdata               ibigdata     000000
__Hidata                  idata        000000
__HidataBANK1             idataBANK1   000000
__HidataCOMRAM            idataCOMRAM  000000
__Hidloc                  idloc        200008
__Hifardata               ifardata     000000
__Hinit                   init         0000B2
__Hintcode                intcode      00000E
__Hintcode_body           intcode_body 000000
__Hintcodelo              intcodelo    0000AE
__Hintentry               intentry     000000
__Hintret                 intret       000000
__Hintsave_regs           intsave_regs 000000
__Hirdata                 irdata       000000
__Hmediumconst            mediumconst  008000
__HnvFARRAM               nvFARRAM     000000
__Hnvbit                  nvbit        000000
__Hnvrram                 nvrram       000000
__Hpa_nodes0              pa_nodes0    000000
__Hparam                  rparam       000000
__Hpowerup                powerup      0000AE
__Hram                    ram          000000
__Hramtop                 ramtop       000600
__Hrbit                   rbit         000000
__Hrbss                   rbss         000000
__Hrdata                  rdata        000000
__Hreset_vec              reset_vec    000004
__Hrparam                 rparam       000000
__Hsfr                    sfr          000000
__Hsmallconst             smallconst   000000
__Hspace_0                (abs)        F00008
__Hspace_1                (abs)        000227
__Hspace_2                (abs)        000000
__Hspace_4                (abs)        60000E
__Hstack                  stack        000000
__Hstruct                 struct       000000
__Htemp                   temp         000047
__Htext                   text         000000
__Htext0                  text0        000000
__Htext1                  text1        000000
__Htext10                 text10       000000
__Htext11                 text11       000000
__Htext12                 text12       000000
__Htext13                 text13       000000
__Htext14                 text14       000000
__Htext15                 text15       000000
__Htext16                 text16       000000
__Htext17                 text17       000000
__Htext18                 text18       000000
__Htext19                 text19       000000
__Htext2                  text2        000000
__Htext20                 text20       000000
__Htext21                 text21       000000
__Htext22                 text22       000000
__Htext23                 text23       000000
__Htext24                 text24       000000
__Htext25                 text25       000000
__Htext26                 text26       000000
__Htext27                 text27       000000
__Htext28                 text28       000000
__Htext29                 text29       000000
__Htext3                  text3        000000
__Htext30                 text30       000000
__Htext31                 text31       000000
__Htext32                 text32       000000
__Htext33                 text33       000000
__Htext34                 text34       000000
__Htext35                 text35       000000
__Htext36                 text36       000000
__Htext37                 text37       000000
__Htext38                 text38       000000
__Htext39                 text39       000000
__Htext4                  text4        000000
__Htext40                 text40       000000
__Htext41                 text41       000000
__Htext42                 text42       000000
__Htext43                 text43       000000
__Htext44                 text44       000000
__Htext45                 text45       000000
__Htext46                 text46       000000
__Htext47                 text47       000000
__Htext48                 text48       000000
__Htext49                 text49       000000
__Htext5                  text5        000000
__Htext50                 text50       000000
__Htext51                 text51       000000
__Htext52                 text52       000000
__Htext53                 text53       000000
__Htext54                 text54       000000
__Htext55                 text55       000000
__Htext56                 text56       000000
__Htext57                 text57       000000
__Htext58                 text58       000000
__Htext59                 text59       000000
__Htext6                  text6        000000
__Htext60                 text60       000000
__Htext61                 text61       000000
__Htext62                 text62       000000
__Htext63                 text63       000000
__Htext64                 text64       000000
__Htext65                 text65       000000
__Htext68                 text68       000000
__Htext69                 text69       000000
__Htext7                  text7        000000
__Htext8                  text8        000000
__Htext9                  text9        000000
__LRAM                    (abs)        000001
__Labs1                   abs1         000000
__Lbank0                  bank0        000000
__Lbank1                  bank1        000000
__Lbank2                  bank2        000000
__Lbank3                  bank3        000000
__Lbank4                  bank4        000000
__Lbank5                  bank5        000000
__Lbigbss                 bigbss       000000
__Lbigdata                bigdata      000000
__Lbigram                 bigram       000000
__Lbigsfr                 bigsfr       000000
__LbitbssCOMRAM           bitbssCOMRAM 000000
__Lbss                    bss          000000
__LbssBANK1               bssBANK1     000000
__LbssCOMRAM              bssCOMRAM    000000
__Lcinit                  cinit        000000
__Lclrtext                clrtext      000000
__Lcomram                 comram       000000
__Lconfig                 config       000000
__Lconst                  const        000000
__LcstackBANK0            cstackBANK0  000000
__LcstackBANK1            cstackBANK1  000000
__LcstackCOMRAM           cstackCOMRAM 000000
__Ldata                   data         000000
__LdataBANK1              dataBANK1    000000
__LdataCOMRAM             dataCOMRAM   000000
__Leeprom_data            eeprom_data  F00000
__Lfarbss                 farbss       000000
__Lfardata                fardata      000000
__Lheap                   heap         000000
__Libigdata               ibigdata     000000
__Lidata                  idata        000000
__LidataBANK1             idataBANK1   000000
__LidataCOMRAM            idataCOMRAM  000000
__Lidloc                  idloc        000000
__Lifardata               ifardata     000000
__Linit                   init         0000AE
__Lintcode                intcode      000008
__Lintcode_body           intcode_body 000000
__Lintcodelo              intcodelo    000018
__Lintentry               intentry     000000
__Lintret                 intret       000000
__Lintsave_regs           intsave_regs 000000
__Lirdata                 irdata       000000
__Lmediumconst            mediumconst  007DAC
__LnvFARRAM               nvFARRAM     000000
__Lnvbit                  nvbit        000000
__Lnvrram                 nvrram       000000
__Lpa_nodes0              pa_nodes0    000000
__Lparam                  rparam       000000
__Lpowerup                powerup      0000AE
__Lram                    ram          000000
__Lramtop                 ramtop       000600
__Lrbit                   rbit         000000
__Lrbss                   rbss         000000
__Lrdata                  rdata        000000
__Lreset_vec              reset_vec    000000
__Lrparam                 rparam       000000
__Lsfr                    sfr          000000
__Lsmallconst             smallconst   000000
__Lspace_0                (abs)        000000
__Lspace_1                (abs)        000000
__Lspace_2                (abs)        000000
__Lspace_4                (abs)        000000
__Lstack                  stack        000000
__Lstruct                 struct       000000
__Ltemp                   temp         000046
__Ltext                   text         000000
__Ltext0                  text0        000000
__Ltext1                  text1        000000
__Ltext10                 text10       000000
__Ltext11                 text11       000000
__Ltext12                 text12       000000
__Ltext13                 text13       000000
__Ltext14                 text14       000000
__Ltext15                 text15       000000
__Ltext16                 text16       000000
__Ltext17                 text17       000000
__Ltext18                 text18       000000
__Ltext19                 text19       000000
__Ltext2                  text2        000000
__Ltext20                 text20       000000
__Ltext21                 text21       000000
__Ltext22                 text22       000000
__Ltext23                 text23       000000
__Ltext24                 text24       000000
__Ltext25                 text25       000000
__Ltext26                 text26       000000
__Ltext27                 text27       000000
__Ltext28                 text28       000000
__Ltext29                 text29       000000
__Ltext3                  text3        000000
__Ltext30                 text30       000000
__Ltext31                 text31       000000
__Ltext32                 text32       000000
__Ltext33                 text33       000000
__Ltext34                 text34       000000
__Ltext35                 text35       000000
__Ltext36                 text36       000000
__Ltext37                 text37       000000
__Ltext38                 text38       000000
__Ltext39                 text39       000000
__Ltext4                  text4        000000
__Ltext40                 text40       000000
__Ltext41                 text41       000000
__Ltext42                 text42       000000
__Ltext43                 text43       000000
__Ltext44                 text44       000000
__Ltext45                 text45       000000
__Ltext46                 text46       000000
__Ltext47                 text47       000000
__Ltext48                 text48       000000
__Ltext49                 text49       000000
__Ltext5                  text5        000000
__Ltext50                 text50       000000
__Ltext51                 text51       000000
__Ltext52                 text52       000000
__Ltext53                 text53       000000
__Ltext54                 text54       000000
__Ltext55                 text55       000000
__Ltext56                 text56       000000
__Ltext57                 text57       000000
__Ltext58                 text58       000000
__Ltext59                 text59       000000
__Ltext6                  text6        000000
__Ltext60                 text60       000000
__Ltext61                 text61       000000
__Ltext62                 text62       000000
__Ltext63                 text63       000000
__Ltext64                 text64       000000
__Ltext65                 text65       000000
__Ltext68                 text68       000000
__Ltext69                 text69       000000
__Ltext7                  text7        000000
__Ltext8                  text8        000000
__Ltext9                  text9        000000
__S0                      (abs)        F00008
__S1                      (abs)        0001FD
__S4                      (abs)        000000
__S5                      (abs)        000000
___awdiv                  text31       0035A8
___awdiv@counter          cstackCOMRAM 00001E
___awdiv@dividend         cstackCOMRAM 00001A
___awdiv@divisor          cstackCOMRAM 00001C
___awdiv@quotient         cstackCOMRAM 000020
___awdiv@sign             cstackCOMRAM 00001F
___awmod                  text30       003698
___awmod@counter          cstackCOMRAM 00001E
___awmod@dividend         cstackCOMRAM 00001A
___awmod@divisor          cstackCOMRAM 00001C
___awmod@sign             cstackCOMRAM 00001F
___fladd                  text24       001C12
___fladd@a                cstackBANK0  000083
___fladd@aexp             cstackBANK0  00008C
___fladd@b                cstackBANK0  00007F
___fladd@bexp             cstackBANK0  00008D
___fladd@grs              cstackBANK0  00008E
___fladd@signs            cstackBANK0  00008B
___fldiv                  text29       002098
___fldiv@a                cstackBANK0  00006A
___fldiv@aexp             cstackBANK0  00007E
___fldiv@b                cstackBANK0  000066
___fldiv@bexp             cstackBANK0  00007D
___fldiv@grs              cstackBANK0  000079
___fldiv@new_exp          cstackBANK0  000077
___fldiv@rem              cstackBANK0  000072
___fldiv@sign             cstackBANK0  000076
___fleq                   text28       003700
___fleq@ff1               cstackCOMRAM 00001A
___fleq@ff2               cstackCOMRAM 00001E
___flge                   text27       003382
___flge@ff1               cstackBANK0  00007F
___flge@ff2               cstackBANK0  000083
___flmul                  text26       001E6E
___flmul@a                cstackBANK0  00006A
___flmul@aexp             cstackBANK0  000073
___flmul@b                cstackBANK0  000066
___flmul@bexp             cstackBANK0  000074
___flmul@grs              cstackBANK0  000075
___flmul@prod             cstackBANK0  000079
___flmul@sign             cstackBANK0  000072
___flmul@temp             cstackBANK0  00007D
___flneg                  text25       003E1C
___flneg@f1               cstackCOMRAM 00001A
___flsub                  text23       003B90
___flsub@a                cstackBANK0  000093
___flsub@b                cstackBANK0  00008F
___fltol                  text22       003250
___fltol@exp1             cstackCOMRAM 000023
___fltol@f1               cstackBANK0  0000BC
___fltol@sign1            cstackCOMRAM 000022
___fpclassifyf            text21       00304C
___fpclassifyf@F465       bssCOMRAM    000025
___fpclassifyf@e          cstackBANK0  000060
___fpclassifyf@u          cstackBANK0  000062
___fpclassifyf@x          cstackCOMRAM 00001A
___heap_hi                (abs)        000000
___heap_lo                (abs)        000000
___inthi_sp               stack        000000
___intlo_sp               stack        000000
___lldiv                  text46       003620
___lldiv@counter          cstackBANK0  000064
___lldiv@dividend         cstackCOMRAM 00001A
___lldiv@divisor          cstackCOMRAM 00001E
___lldiv@quotient         cstackBANK0  000060
___lmul                   text45       003808
___lmul@multiplicand      cstackCOMRAM 00001E
___lmul@multiplier        cstackCOMRAM 00001A
___lmul@product           cstackBANK0  000060
___lodiv                  text10       002EB2
___lodiv@counter          cstackCOMRAM 000022
___lodiv@dividend         cstackBANK0  000060
___lodiv@divisor          cstackBANK0  000068
___lodiv@quotient         cstackCOMRAM 00001A
___lomod                  text9        0030FE
___lomod@counter          cstackCOMRAM 00001A
___lomod@dividend         cstackBANK0  000060
___lomod@divisor          cstackBANK0  000068
___lwdiv                  text44       00398A
___lwdiv@counter          cstackCOMRAM 00001E
___lwdiv@dividend         cstackCOMRAM 00001A
___lwdiv@divisor          cstackCOMRAM 00001C
___lwdiv@quotient         cstackCOMRAM 00001F
___lwmod                  text43       003A5C
___lwmod@counter          cstackBANK0  000060
___lwmod@dividend         cstackCOMRAM 000021
___lwmod@divisor          cstackCOMRAM 000023
___param_bank             (abs)        000000
___rparam_used            (abs)        000001
___sp                     stack        000000
___wmul                   text42       003DAC
___wmul@multiplicand      cstackBANK0  000063
___wmul@multiplier        cstackBANK0  000061
___wmul@product           cstackBANK0  000065
___xxtofl                 text64       002CA4
___xxtofl@arg             cstackBANK0  000062
___xxtofl@exp             cstackBANK0  000061
___xxtofl@sign            cstackBANK0  000060
___xxtofl@val             cstackCOMRAM 00001A
__accesstop               (abs)        000060
__activetblptr            (abs)        000002
__end_ofPL10              text4        001806
__end_ofPL100             text0        000974
__end_ofPL102             text13       0010C2
__end_ofPL104             text13       0010D4
__end_ofPL106             text21       0030F4
__end_ofPL108             text41       002800
__end_ofPL110             text17       0035A8
__end_ofPL112             text13       0010E6
__end_ofPL114             text24       001E3A
__end_ofPL116             text12       002B86
__end_ofPL118             text4        001870
__end_ofPL12              text7        001482
__end_ofPL120             text4        001876
__end_ofPL122             text13       0010F8
__end_ofPL124             text11       003250
__end_ofPL126             text0        00097A
__end_ofPL128             text48       002A76
__end_ofPL130             text32       00349A
__end_ofPL132             text0        000980
__end_ofPL134             text0        00098A
__end_ofPL136             text35       00304C
__end_ofPL138             text7        0014CA
__end_ofPL14              text39       002E9E
__end_ofPL140             text12       002B96
__end_ofPL142             text33       003524
__end_ofPL144             text26       002076
__end_ofPL146             text0        000998
__end_ofPL148             text26       002084
__end_ofPL150             text2        001BFE
__end_ofPL152             text13       001102
__end_ofPL154             text24       001E44
__end_ofPL156             text41       00280C
__end_ofPL158             text64       002DA6
__end_ofPL16              text13       000F52
__end_ofPL160             text27       003410
__end_ofPL162             text64       002DB2
__end_ofPL164             text20       002552
__end_ofPL166             text20       00255E
__end_ofPL168             text24       001E50
__end_ofPL170             text28       00375E
__end_ofPL172             text24       001E5A
__end_ofPL174             text48       002A80
__end_ofPL176             text7        0014D4
__end_ofPL178             text13       00110C
__end_ofPL18              text13       000F84
__end_ofPL180             text13       001116
__end_ofPL182             text2        001C08
__end_ofPL184             text21       0030FE
__end_ofPL186             text2        001C12
__end_ofPL188             text24       001E64
__end_ofPL190             text0        0009A2
__end_ofPL192             text26       00208E
__end_ofPL194             text24       001E6E
__end_ofPL196             text0        0009AC
__end_ofPL198             text4        001880
__end_ofPL2               text7        001416
__end_ofPL20              text0        00091C
__end_ofPL200             text26       002098
__end_ofPL202             text63       003382
__end_ofPL204             text7        0014DC
__end_ofPL206             text4        001886
__end_ofPL208             text4        00188C
__end_ofPL210             text41       002814
__end_ofPL212             text39       002EB2
__end_ofPL22              text26       002036
__end_ofPL24              text13       000F96
__end_ofPL26              text4        001812
__end_ofPL28              text0        000946
__end_ofPL30              text4        00181E
__end_ofPL32              text4        001828
__end_ofPL34              text7        00148A
__end_ofPL36              text13       000FAC
__end_ofPL38              text35       00303C
__end_ofPL4               text7        00143A
__end_ofPL40              text39       002EAC
__end_ofPL42              text13       000FBA
__end_ofPL44              text13       000FDC
__end_ofPL46              text13       000FFE
__end_ofPL48              text13       00100E
__end_ofPL50              text13       001022
__end_ofPL52              text13       001034
__end_ofPL54              text2        001BF0
__end_ofPL56              text13       001042
__end_ofPL58              text13       001050
__end_ofPL6               text7        00146C
__end_ofPL60              text29       002254
__end_ofPL62              text4        001838
__end_ofPL64              text26       002046
__end_ofPL66              text7        00149A
__end_ofPL68              text7        0014AA
__end_ofPL70              text7        0014BA
__end_ofPL72              text26       00205E
__end_ofPL74              text13       001068
__end_ofPL76              text11       003244
__end_ofPL78              text26       00206C
__end_ofPL8               text7        00147A
__end_ofPL80              text20       002546
__end_ofPL82              text4        00184C
__end_ofPL84              text29       00225E
__end_ofPL86              text0        000950
__end_ofPL88              text13       00107A
__end_ofPL90              text0        000962
__end_ofPL92              text13       00108C
__end_ofPL94              text4        00185E
__end_ofPL96              text13       00109E
__end_ofPL98              text13       0010B0
__end_of_EncPoll          text65       003D00
__end_of_EncState_        mediumconst  007DFD
__end_of_HD44780_CYR      mediumconst  007DED
__end_of_Inter_hi         intcode_body 0026C0
__end_of_Inter_lo         intcodelo    0000AE
__end_of___awdiv          text31       003620
__end_of___awmod          text30       003700
__end_of___fladd          text24       001E28
__end_of___fldiv          text29       00223A
__end_of___fleq           text28       003752
__end_of___flge           text27       003404
__end_of___flmul          text26       00202A
__end_of___flneg          text25       003E3C
__end_of___flsub          text23       003BCA
__end_of___fltol          text22       0032EC
__end_of___fpclassifyf    text21       0030E2
__end_of___lldiv          text46       003698
__end_of___lmul           text45       003858
__end_of___lodiv          text10       002F80
__end_of___lomod          text9        0031A8
__end_of___lwdiv          text44       0039D4
__end_of___lwmod          text43       003A9C
__end_of___wmul           text42       003DD2
__end_of___xxtofl         text64       002D9A
__end_of__initialization  cinit        0037AA
__end_of_atoi             text35       00302E
__end_of_calc_power       text41       0027EE
__end_of_cgrom_char       text61       003C9C
__end_of_clearLCD         text60       003E8C
__end_of_compile_date     mediumconst  007E19
__end_of_compile_time     mediumconst  007E22
__end_of_ctoa             text32       00348A
__end_of_ds18b20_crc8     text51       0038A6
__end_of_efgtoa           text13       000F34
__end_of_floorf           text20       002534
__end_of_fputc            text33       00351A
__end_of_fputs            text19       003C6A
__end_of_fract            mediumconst  007E0D
__end_of_initLCD          text59       002CA4
__end_of_init_cpu         text54       00294E
__end_of_init_ds18b20     text55       003DAC
__end_of_isdigit          text37       003D58
__end_of_isspace          text36       003C36
__end_of_isupper          text15       003D2C
__end_of_key_GetKey       text53       003EC0
__end_of_key_press        text52       003B56
__end_of_lcdNibble        text63       003378
__end_of_lcdPrint         text39       002E92
__end_of_lcdWrite         text62       003CCE
__end_of_lcd_gotoxy       text40       003A5C
__end_of_lcd_putc         text38       003EB6
__end_of_main             text0        0008EA
__end_of_nanf             text3        003E58
__end_of_ow_reset         text58       0038F4
__end_of_pad              text17       003596
__end_of_putch            text34       003EAA
__end_of_readTemp_Single  text48       002A6C
__end_of_read_bit         text50       003E74
__end_of_read_byte        text49       003ADC
__end_of_read_eep         text47       003E9E
__end_of_show_lcd_main    text4        0017F6
__end_of_sprintf          text5        003A1A
__end_of_sqrtf            text2        001BDE
__end_of_stoa             text12       002B74
__end_of_strcpy           text16       00398A
__end_of_strlen           text18       003B90
__end_of_strncmp          text11       003236
__end_of_symbol_1         mediumconst  007E5A
__end_of_symbol_2         mediumconst  007E52
__end_of_symbol_3         mediumconst  007E4A
__end_of_symbol_4         mediumconst  007E42
__end_of_symbol_5         mediumconst  007E3A
__end_of_symbol_6         mediumconst  007E32
__end_of_symbol_7         mediumconst  007E2A
__end_of_tolower          text14       003C00
__end_of_utoa             text8        0023E2
__end_of_vfpfcnvrt        text7        001402
__end_of_vfprintf         text6        003808
__end_of_write_bit        text57       003D84
__end_of_write_byte       text56       003B1A
__end_of_write_eep        text1        003E1C
__end_ofi2___lmul         text69       003940
__end_ofi2___wmul         text68       003DF8
__initialization          cinit        00375E
__mediumconst             mediumconst  007DAC
__pbitbssCOMRAM           bitbssCOMRAM 000220
__pbssBANK1               bssBANK1     000100
__pbssCOMRAM              bssCOMRAM    000025
__pcinit                  cinit        00375E
__pcstackBANK0            cstackBANK0  000060
__pcstackBANK1            cstackBANK1  0001A3
__pcstackCOMRAM           cstackCOMRAM 000001
__pdataBANK1              dataBANK1    0001F6
__pdataCOMRAM             dataCOMRAM   000045
__pidataBANK1             idataBANK1   003EC0
__pidataCOMRAM            idataCOMRAM  003EC7
__pintcode                intcode      000008
__pintcode_body           intcode_body 00255E
__pintcodelo              intcodelo    000018
__pmediumconst            mediumconst  007DAC
__ptext0                  text0        0000B2
__ptext1                  text1        003DF8
__ptext10                 text10       002EB2
__ptext11                 text11       0031A8
__ptext12                 text12       002A80
__ptext13                 text13       0009AC
__ptext14                 text14       003BCA
__ptext15                 text15       003D00
__ptext16                 text16       003940
__ptext17                 text17       003524
__ptext18                 text18       003B56
__ptext19                 text19       003C36
__ptext2                  text2        00188C
__ptext20                 text20       0023E2
__ptext21                 text21       00304C
__ptext22                 text22       003250
__ptext23                 text23       003B90
__ptext24                 text24       001C12
__ptext25                 text25       003E1C
__ptext26                 text26       001E6E
__ptext27                 text27       003382
__ptext28                 text28       003700
__ptext29                 text29       002098
__ptext3                  text3        003E3C
__ptext30                 text30       003698
__ptext31                 text31       0035A8
__ptext32                 text32       003410
__ptext33                 text33       00349A
__ptext34                 text34       003E9E
__ptext35                 text35       002F80
__ptext36                 text36       003C00
__ptext37                 text37       003D2C
__ptext38                 text38       003EAA
__ptext39                 text39       002DB2
__ptext4                  text4        0014DC
__ptext40                 text40       003A1A
__ptext41                 text41       0026C0
__ptext42                 text42       003DAC
__ptext43                 text43       003A5C
__ptext44                 text44       00398A
__ptext45                 text45       003808
__ptext46                 text46       003620
__ptext47                 text47       003E8C
__ptext48                 text48       00294E
__ptext49                 text49       003A9C
__ptext5                  text5        0039D4
__ptext50                 text50       003E58
__ptext51                 text51       003858
__ptext52                 text52       003B1A
__ptext53                 text53       003EB6
__ptext54                 text54       002814
__ptext55                 text55       003D84
__ptext56                 text56       003ADC
__ptext57                 text57       003D58
__ptext58                 text58       0038A6
__ptext59                 text59       002B96
__ptext6                  text6        0037B8
__ptext60                 text60       003E74
__ptext61                 text61       003C6A
__ptext62                 text62       003C9C
__ptext63                 text63       0032EC
__ptext64                 text64       002CA4
__ptext65                 text65       003CCE
__ptext68                 text68       003DD2
__ptext69                 text69       0038F4
__ptext7                  text7        001116
__ptext8                  text8        00225E
__ptext9                  text9        0030FE
__ramtop                  ramtop       000600
__smallconst              smallconst   000000
_atoi                     text35       002F80
_calc_power               text41       0026C0
_calc_power$2869          cstackBANK0  000073
_calc_power$2870          cstackBANK0  000077
_cgrom_char               text61       003C6A
_clearLCD                 text60       003E74
_cnt_adc                  bssBANK1     00011A
_coef                     bssBANK1     000108
_compile_date             mediumconst  007E0D
_compile_time             mediumconst  007E19
_count_enc                bssBANK1     000120
_ctoa                     text32       003410
_dbuf                     bssBANK1     00012D
_ds18b20_crc8             text51       003858
_efgtoa                   text13       0009AC
_efgtoa$2403              cstackBANK1  0001A3
_efgtoa$2411              cstackBANK1  0001A5
_efgtoa$2412              cstackBANK1  0001A7
_err                      bssCOMRAM    000037
_eusartRxCount            bssCOMRAM    000042
_eusartTxBufferRemaining  bssCOMRAM    000043
_flags                    bssCOMRAM    000031
_floorf                   text20       0023E2
_fputc                    text33       00349A
_fputs                    text19       003C36
_fract                    mediumconst  007DFD
_getU                     bssCOMRAM    000040
_inc_data                 bitbssCOMRAM 000222
_initLCD                  text59       002B96
_init_cpu                 text54       002814
_init_ds18b20             text55       003D84
_isTemp                   bssBANK1     000128
_isTempReady              bssBANK1     000123
_is_power                 bitbssCOMRAM 000225
_is_stab                  bitbssCOMRAM 000226
_isdigit                  text37       003D2C
_isspace                  text36       003C00
_isspace$2517             cstackCOMRAM 000020
_isupper                  text15       003D00
_key_GetKey               text53       003EB6
_key_press                text52       003B1A
_key_pressed              bssCOMRAM    00003D
_lcdNibble                text63       0032EC
_lcdPrint                 text39       002DB2
_lcdWrite                 text62       003C9C
_lcd_gotoxy               text40       003A1A
_lcd_putc                 text38       003EAA
_main                     text0        0000B2
_main$1544                cstackBANK1  0001F4
_main$2868                cstackBANK1  0001F0
_minus                    bssBANK1     0001A1
_nanf                     text3        003E3C
_nout                     bssBANK1     000114
_ow_reset                 text58       0038A6
_pad                      text17       003524
_power                    bssBANK1     000121
_power_100                bitbssCOMRAM 000223
_pp                       dataCOMRAM   000045
_prec                     bssCOMRAM    00002F
_pressed_key              bssBANK1     000122
_ps                       bssCOMRAM    000035
_putch                    text34       003E9E
_r_dec                    bssBANK1     00011E
_r_whole                  bssBANK1     00011F
_readTemp_Single          text48       00294E
_read_bit                 text50       003E58
_read_byte                text49       003A9C
_read_eep                 text47       003E8C
_read_key                 bssBANK1     00012A
_scratch                  bssBANK1     000192
_sel_main                 bssBANK1     00011D
_show_lcd_main            text4        0014DC
_show_tp                  bitbssCOMRAM 000224
_sound_delay              bssCOMRAM    00003B
_sound_enable             bssBANK1     000129
_sprintf                  text5        0039D4
_sqrtU_sum                bssBANK1     00010C
_sqrtf                    text2        00188C
_stoa                     text12       002A80
_strcpy                   text16       003940
_strlen                   text18       003B56
_strncmp                  text11       0031A8
_symbol_1                 mediumconst  007E52
_symbol_2                 mediumconst  007E4A
_symbol_3                 mediumconst  007E42
_symbol_4                 mediumconst  007E3A
_symbol_5                 mediumconst  007E32
_symbol_6                 mediumconst  007E2A
_symbol_7                 mediumconst  007E22
_t_power                  bssCOMRAM    000039
_t_res                    bssBANK1     000104
_temperature              bssBANK1     00019D
_tick_t1                  bssBANK1     00012C
_tick_t1_1                bssBANK1     00012B
_time_flag                bssBANK1     0001A2
_timer_val                bssBANK1     00019F
_tolower                  text14       003BCA
_utoa                     text8        00225E
_vfpfcnvrt                text7        001116
_vfpfcnvrt$2452           cstackBANK0  0000E5
_vfprintf                 text6        0037B8
_watt_disp                bssBANK1     000118
_width                    bssCOMRAM    00002D
_write_bit                text57       003D58
_write_byte               text56       003ADC
_write_eep                text1        003DF8
_zero                     bssCOMRAM    000041
atoi@n                    cstackBANK0  00006F
atoi@neg                  cstackBANK0  00006D
atoi@s                    cstackBANK0  000067
btemp                     temp         000046
calc_power@p_w            cstackBANK0  00007A
calc_power@pwr            cstackBANK0  000079
calc_power@res            cstackBANK0  000067
calc_power@tt             cstackBANK0  00006F
calc_power@u_rl           cstackBANK0  00006B
cgrom_char@address        cstackCOMRAM 000020
cgrom_char@i              cstackCOMRAM 000021
cgrom_char@symbol         cstackCOMRAM 00001E
ctoa@c                    cstackBANK0  000062
ctoa@fp                   cstackBANK0  000060
ctoa@l                    cstackBANK0  000063
ctoa@w                    cstackBANK0  000065
ds18b20_crc8@bit_counter  cstackCOMRAM 00001D
ds18b20_crc8@crc          cstackCOMRAM 000021
ds18b20_crc8@data         cstackCOMRAM 00001E
ds18b20_crc8@data_in      cstackCOMRAM 00001A
ds18b20_crc8@feedback_bit cstackCOMRAM 00001F
ds18b20_crc8@loop_count   cstackCOMRAM 000020
ds18b20_crc8@num_bytes    cstackCOMRAM 00001C
efgtoa@c                  cstackBANK0  0000CA
efgtoa@d                  cstackBANK1  0001B5
efgtoa@e                  cstackBANK1  0001CD
efgtoa@f                  cstackBANK0  0000C6
efgtoa@fp                 cstackBANK0  0000C4
efgtoa@g                  cstackBANK1  0001C9
efgtoa@h                  cstackBANK1  0001BF
efgtoa@i                  cstackBANK1  0001C7
efgtoa@l                  cstackBANK1  0001C3
efgtoa@m                  cstackBANK1  0001AF
efgtoa@mode               cstackBANK1  0001BE
efgtoa@n                  cstackBANK1  0001CF
efgtoa@ne                 cstackBANK1  0001AD
efgtoa@nmode              cstackBANK1  0001BD
efgtoa@ou                 cstackBANK1  0001B1
efgtoa@p                  cstackBANK1  0001B9
efgtoa@pp                 cstackBANK1  0001AB
efgtoa@sign               cstackBANK1  0001B7
efgtoa@t                  cstackBANK1  0001A9
efgtoa@u                  cstackBANK1  0001D1
efgtoa@w                  cstackBANK1  0001BB
end_of_initialization     cinit        0037AA
floorf@F526               bssBANK1     000100
floorf@e                  cstackBANK0  00008D
floorf@m                  cstackBANK0  000089
floorf@u                  cstackBANK0  00008F
floorf@x                  cstackBANK0  00007F
fputc@c                   cstackCOMRAM 00001B
fputc@fp                  cstackCOMRAM 00001D
fputs@c                   cstackBANK0  000064
fputs@fp                  cstackBANK0  000062
fputs@i                   cstackBANK0  000065
fputs@s                   cstackBANK0  000060
i2___lmul                 text69       0038F4
i2___lmul@multiplicand    cstackCOMRAM 000005
i2___lmul@multiplier      cstackCOMRAM 000001
i2___lmul@product         cstackCOMRAM 000009
i2___wmul                 text68       003DD2
i2___wmul@multiplicand    cstackCOMRAM 000003
i2___wmul@multiplier      cstackCOMRAM 000001
i2___wmul@product         cstackCOMRAM 000005
int$flags                 temp         000046
int_func                  intcode_body 00255E
intlevel0                 text         000000
intlevel1                 text         000000
intlevel2                 text         000000
intlevel3                 text         000000
isa$std                   (abs)        000001
isa$xinst                 (abs)        000000
isdigit@c                 cstackCOMRAM 00001A
isspace@c                 cstackCOMRAM 00001A
isupper@c                 cstackCOMRAM 00001A
key_GetKey@key            cstackCOMRAM 00001A
key_press@count           bssCOMRAM    000033
key_press@key             cstackCOMRAM 00001A
lcdNibble@nibble          cstackCOMRAM 00001B
lcdPrint@t                cstackCOMRAM 000023
lcdWrite@byte             cstackCOMRAM 00001D
lcdWrite@type             cstackCOMRAM 00001C
lcd_gotoxy@address        cstackCOMRAM 000022
lcd_gotoxy@x              cstackCOMRAM 000021
lcd_gotoxy@y              cstackCOMRAM 00001E
lcd_putc@c                cstackCOMRAM 00001E
main@alarm_enable         bitbssCOMRAM 000220
main@powerOFF             bssBANK1     00011C
main@whole_dec            bitbssCOMRAM 000221
nanf@s                    cstackCOMRAM 00001A
nanf@u                    cstackCOMRAM 00001E
ow_reset@presence         cstackCOMRAM 00001B
pad@buf                   cstackBANK0  000069
pad@fp                    cstackBANK0  000067
pad@i                     cstackBANK0  00006D
pad@p                     cstackBANK0  00006B
pad@w                     cstackBANK0  00006F
putch@data                cstackCOMRAM 00001A
readTemp_Single@buf       cstackBANK0  000060
readTemp_Single@i         cstackBANK0  000069
readTemp_Single@minus     cstackBANK0  000062
readTemp_Single@temp      cstackBANK0  00006A
readTemp_Single@time_flag cstackBANK0  000064
readTemp_Single@timer_val cstackBANK0  000066
readTemp_Single@tmp       cstackBANK0  000068
read_byte@i               cstackCOMRAM 00001D
read_byte@val             cstackCOMRAM 00001C
read_eep@address          cstackCOMRAM 00001A
show_lcd_main@pwr_dsp     cstackBANK0  0000F7
sprintf@ap                cstackBANK1  0001E3
sprintf@f                 cstackBANK1  0001E5
sprintf@fmt               cstackBANK1  0001D7
sprintf@s                 cstackBANK1  0001D5
sqrtf@__xc8_float_word    cstackBANK0  0000A0
sqrtf@i                   cstackBANK0  00009C
sqrtf@ix                  cstackBANK0  0000B8
sqrtf@m                   cstackBANK0  0000B0
sqrtf@q                   cstackBANK0  0000A4
sqrtf@r                   cstackBANK0  0000B4
sqrtf@s                   cstackBANK0  000098
sqrtf@t                   cstackBANK0  0000A8
sqrtf@x                   cstackBANK0  00008F
sqrtf@z                   cstackBANK0  0000AC
stackhi                   (abs)        000000
stacklo                   (abs)        000000
start                     init         0000AE
start_initialization      cinit        00375E
stoa@F1169                dataBANK1    0001F6
stoa@cp                   cstackBANK0  00006F
stoa@fp                   cstackBANK0  000060
stoa@i                    cstackBANK0  00006B
stoa@l                    cstackBANK0  000073
stoa@nuls                 cstackBANK0  000064
stoa@p                    cstackBANK0  000071
stoa@s                    cstackBANK0  000062
stoa@w                    cstackBANK0  00006D
strcpy@d                  cstackCOMRAM 000022
strcpy@dest               cstackCOMRAM 00001A
strcpy@s                  cstackCOMRAM 000020
strcpy@src                cstackCOMRAM 00001C
strlen@a                  cstackCOMRAM 00001C
strlen@s                  cstackCOMRAM 00001A
strncmp@_l                cstackCOMRAM 00001A
strncmp@_r                cstackCOMRAM 00001C
strncmp@l                 cstackCOMRAM 000021
strncmp@n                 cstackCOMRAM 00001E
strncmp@r                 cstackCOMRAM 000023
tolower@c                 cstackCOMRAM 000020
ttemp5                    temp         000047
ttemp6                    temp         00004A
ttemp7                    temp         00004E
utoa@d                    cstackBANK0  000073
utoa@fp                   cstackBANK0  000071
utoa@i                    cstackBANK0  00008F
utoa@n                    cstackBANK0  000087
utoa@p                    cstackBANK0  000083
utoa@w                    cstackBANK0  000085
vfpfcnvrt@ap              cstackBANK0  0000D3
vfpfcnvrt@c               cstackBANK0  0000EE
vfpfcnvrt@cp              cstackBANK0  0000E1
vfpfcnvrt@ct              cstackBANK0  0000EB
vfpfcnvrt@done            cstackBANK0  0000E3
vfpfcnvrt@f               cstackBANK0  0000E7
vfpfcnvrt@fmt             cstackBANK0  0000D2
vfpfcnvrt@fp              cstackBANK0  0000D0
vfpfcnvrt@llu             cstackBANK0  0000D9
vfprintf@ap               cstackBANK0  0000F3
vfprintf@cfmt             cstackBANK0  0000F5
vfprintf@fmt              cstackBANK0  0000F1
vfprintf@fp               cstackBANK0  0000EF
write_bit@bitval          cstackCOMRAM 00001A
write_byte@i              cstackCOMRAM 00001F
write_byte@temp           cstackCOMRAM 00001E
write_byte@val            cstackCOMRAM 00001D
write_eep@address         cstackCOMRAM 00001B
write_eep@data            cstackCOMRAM 00001A
wtemp8                    temp         000047


MODULE INFORMATION

Module		Function		Class		Link	Load	Size
C:\Program Files\Microchip\xc8\v2.36\pic\sources\c99\common\nanf.c
		_nanf          		CODE           	3E3C	0000	28

C:\Program Files\Microchip\xc8\v2.36\pic\sources\c99\common\nanf.c estimated size: 28

C:\Program Files\Microchip\xc8\v2.36\pic\sources\c99\common\lomod.c
		___lomod       		CODE           	30FE	0000	170

C:\Program Files\Microchip\xc8\v2.36\pic\sources\c99\common\lomod.c estimated size: 170

C:\Program Files\Microchip\xc8\v2.36\pic\sources\c99\common\nf_fputs.c
		_fputs         		CODE           	3C36	0000	52

C:\Program Files\Microchip\xc8\v2.36\pic\sources\c99\common\nf_fputs.c estimated size: 52

C:\Program Files\Microchip\xc8\v2.36\pic\sources\c99\common\strncmp.c
		_strncmp       		CODE           	31A8	0000	142

C:\Program Files\Microchip\xc8\v2.36\pic\sources\c99\common\strncmp.c estimated size: 142

C:\Program Files\Microchip\xc8\v2.36\pic\sources\c99\common\tolower.c
		_tolower       		CODE           	3BCA	0000	54

C:\Program Files\Microchip\xc8\v2.36\pic\sources\c99\common\tolower.c estimated size: 54

C:\Program Files\Microchip\xc8\v2.36\pic\sources\c99\common\__fpclassifyf.c
		___fpclassifyf 		CODE           	304C	0000	150

C:\Program Files\Microchip\xc8\v2.36\pic\sources\c99\common\__fpclassifyf.c estimated size: 150

C:\Program Files\Microchip\xc8\v2.36\pic\sources\c99\common\sprcmul.c
		___flmul       		CODE           	1E6E	0000	444

C:\Program Files\Microchip\xc8\v2.36\pic\sources\c99\common\sprcmul.c estimated size: 444

C:\Program Files\Microchip\xc8\v2.36\pic\sources\c99\common\floorf.c
		_floorf        		CODE           	23E2	0000	338

C:\Program Files\Microchip\xc8\v2.36\pic\sources\c99\common\floorf.c estimated size: 338

C:\Program Files\Microchip\xc8\v2.36\pic\sources\c99\common\sprcdiv.c
		___fldiv       		CODE           	2098	0000	418

C:\Program Files\Microchip\xc8\v2.36\pic\sources\c99\common\sprcdiv.c estimated size: 418

eusart.c
		_putch         		CODE           	3E9E	0000	12

eusart.c estimated size: 12

C:\Program Files\Microchip\xc8\v2.36\pic\sources\c99\common\atoi.c
		_atoi          		CODE           	2F80	0000	174

C:\Program Files\Microchip\xc8\v2.36\pic\sources\c99\common\atoi.c estimated size: 174

C:\Program Files\Microchip\xc8\v2.36\pic\sources\c99\common\lwmod.c
		___lwmod       		CODE           	3A5C	0000	64

C:\Program Files\Microchip\xc8\v2.36\pic\sources\c99\common\lwmod.c estimated size: 64

C:\Program Files\Microchip\xc8\v2.36\pic\sources\c99\common\fleq.c
		___fleq        		CODE           	3700	0000	82

C:\Program Files\Microchip\xc8\v2.36\pic\sources\c99\common\fleq.c estimated size: 82

C:\Program Files\Microchip\xc8\v2.36\pic\sources\c99\common\awmod.c
		___awmod       		CODE           	3698	0000	104

C:\Program Files\Microchip\xc8\v2.36\pic\sources\c99\common\awmod.c estimated size: 104

C:\Program Files\Microchip\xc8\v2.36\pic\sources\c99\common\Umul32.c
		___lmul        		CODE           	3808	0000	80

C:\Program Files\Microchip\xc8\v2.36\pic\sources\c99\common\Umul32.c estimated size: 80

C:\Program Files\Microchip\xc8\v2.36\pic\sources\c99\common\nf_sprintf.c
		_sprintf       		CODE           	39D4	0000	70

C:\Program Files\Microchip\xc8\v2.36\pic\sources\c99\common\nf_sprintf.c estimated size: 70

C:\Program Files\Microchip\xc8\v2.36\pic\sources\c99\common\isspace.c
		_isspace       		CODE           	3C00	0000	54

C:\Program Files\Microchip\xc8\v2.36\pic\sources\c99\common\isspace.c estimated size: 54

C:\Program Files\Microchip\xc8\v2.36\pic\sources\c99\common\xxtofl.c
		___xxtofl      		CODE           	2CA4	0000	246

C:\Program Files\Microchip\xc8\v2.36\pic\sources\c99\common\xxtofl.c estimated size: 246

C:\Program Files\Microchip\xc8\v2.36\pic\sources\c99\common\strlen.c
		_strlen        		CODE           	3B56	0000	58

C:\Program Files\Microchip\xc8\v2.36\pic\sources\c99\common\strlen.c estimated size: 58

C:\Program Files\Microchip\xc8\v2.36\pic\sources\c99\common\__lldiv.c
		___lldiv       		CODE           	3620	0000	120

C:\Program Files\Microchip\xc8\v2.36\pic\sources\c99\common\__lldiv.c estimated size: 120

C:\Program Files\Microchip\xc8\v2.36\pic\sources\c99\common\lodiv.c
		___lodiv       		CODE           	2EB2	0000	206

C:\Program Files\Microchip\xc8\v2.36\pic\sources\c99\common\lodiv.c estimated size: 206

C:\Program Files\Microchip\xc8\v2.36\pic\sources\c99\common\strcpy.c
		_strcpy        		CODE           	3940	0000	74

C:\Program Files\Microchip\xc8\v2.36\pic\sources\c99\common\strcpy.c estimated size: 74

eeprom.c
		_read_eep      		CODE           	3E8C	0000	18
		_write_eep     		CODE           	3DF8	0000	36

eeprom.c estimated size: 54

key.c
		_key_GetKey    		CODE           	3EB6	0000	10
		_key_press     		CODE           	3B1A	0000	60

key.c estimated size: 70

C:\Program Files\Microchip\xc8\v2.36\pic\sources\c99\common\nf_fputc.c
		_fputc         		CODE           	349A	0000	128

C:\Program Files\Microchip\xc8\v2.36\pic\sources\c99\common\nf_fputc.c estimated size: 128

C:\Program Files\Microchip\xc8\v2.36\pic\sources\c99\common\isdigit.c
		_isdigit       		CODE           	3D2C	0000	44

C:\Program Files\Microchip\xc8\v2.36\pic\sources\c99\common\isdigit.c estimated size: 44

C:\Program Files\Microchip\xc8\v2.36\pic\sources\c99\common\sprcadd.c
		___flsub       		CODE           	3B90	0000	58
		___fladd       		CODE           	1C12	0000	534

C:\Program Files\Microchip\xc8\v2.36\pic\sources\c99\common\sprcadd.c estimated size: 592

C:\Program Files\Microchip\xc8\v2.36\pic\sources\c99\common\sqrtf.c
		_sqrtf         		CODE           	188C	0000	850

C:\Program Files\Microchip\xc8\v2.36\pic\sources\c99\common\sqrtf.c estimated size: 850

C:\Program Files\Microchip\xc8\v2.36\pic\sources\c99\common\lwdiv.c
		___lwdiv       		CODE           	398A	0000	74

C:\Program Files\Microchip\xc8\v2.36\pic\sources\c99\common\lwdiv.c estimated size: 74

C:\Program Files\Microchip\xc8\v2.36\pic\sources\c99\common\awdiv.c
		___awdiv       		CODE           	35A8	0000	120

C:\Program Files\Microchip\xc8\v2.36\pic\sources\c99\common\awdiv.c estimated size: 120

onewire.c
		_ow_reset      		CODE           	38A6	0000	78
		_read_bit      		CODE           	3E58	0000	28
		_read_byte     		CODE           	3A9C	0000	64
		_write_bit     		CODE           	3D58	0000	44
		_write_byte    		CODE           	3ADC	0000	62

onewire.c estimated size: 276

C:\Program Files\Microchip\xc8\v2.36\pic\sources\c99\common\doprnt.c
		_vfpfcnvrt     		CODE           	1116	0000	748
		_efgtoa        		CODE           	09AC	0000	1416
		_pad           		CODE           	3524	0000	114
		_ctoa          		CODE           	3410	0000	122
		_vfprintf      		CODE           	37B8	0000	80
		_stoa          		CODE           	2A80	0000	244
		_utoa          		CODE           	225E	0000	388

C:\Program Files\Microchip\xc8\v2.36\pic\sources\c99\common\doprnt.c estimated size: 3112

C:\Program Files\Microchip\xc8\v2.36\pic\sources\c99\common\fltol.c
		___fltol       		CODE           	3250	0000	156

C:\Program Files\Microchip\xc8\v2.36\pic\sources\c99\common\fltol.c estimated size: 156

interrupt.c
		_Inter_lo      		CODE           	0018	0000	150
		_Inter_hi      		CODE           	0008	0000	360

interrupt.c estimated size: 510

shared
		PL12           		CODE           	147A	0000	8
		PL50           		CODE           	100E	0000	20
		PL8            		CODE           	146C	0000	14
		PL22           		CODE           	202A	0000	12
		PL60           		CODE           	223A	0000	26
		PL178          		CODE           	1102	0000	10
		PL100          		CODE           	0962	0000	18
		PL32           		CODE           	181E	0000	10
		PL70           		CODE           	14AA	0000	16
		PL200          		CODE           	208E	0000	10
		PL42           		CODE           	0FAC	0000	14
		PL80           		CODE           	2534	0000	18
		PL188          		CODE           	1E5A	0000	10
		PL110          		CODE           	3596	0000	18
		PL14           		CODE           	2E92	0000	12
		PL52           		CODE           	1022	0000	18
		PL90           		CODE           	0950	0000	18
		PL210          		CODE           	280C	0000	8
		PL24           		CODE           	0F84	0000	18
		PL62           		CODE           	1828	0000	16
		PL198          		CODE           	1876	0000	10
		PL120          		CODE           	1870	0000	6
		PL34           		CODE           	1482	0000	8
		PL72           		CODE           	2046	0000	24
		PL44           		CODE           	0FBA	0000	34
		PL82           		CODE           	1838	0000	20
		PL130          		CODE           	348A	0000	16
		PL16           		CODE           	0F34	0000	30
		PL54           		CODE           	1BDE	0000	18
		PL92           		CODE           	107A	0000	18
		PL26           		CODE           	1806	0000	12
		PL64           		CODE           	2036	0000	16
		PL102          		CODE           	10B0	0000	18
		PL140          		CODE           	2B86	0000	16
		PL36           		CODE           	0F96	0000	22
		PL74           		CODE           	1050	0000	24
		PL202          		CODE           	3378	0000	10
		PL46           		CODE           	0FDC	0000	34
		PL84           		CODE           	2254	0000	10
		_fract         		MEDIUMCONST    	7DFD	0000	16
		PL112          		CODE           	10D4	0000	18
		PL150          		CODE           	1BF0	0000	14
		PL18           		CODE           	0F52	0000	50
		PL56           		CODE           	1034	0000	14
		PL94           		CODE           	184C	0000	18
		PL212          		CODE           	2EAC	0000	6
		PL28           		CODE           	091C	0000	42
		PL66           		CODE           	148A	0000	16
		PL122          		CODE           	10E6	0000	18
		PL160          		CODE           	3404	0000	12
		PL38           		CODE           	302E	0000	14
		PL76           		CODE           	3236	0000	14
		PL48           		CODE           	0FFE	0000	16
		PL86           		CODE           	0946	0000	10
		PL132          		CODE           	097A	0000	6
		PL170          		CODE           	3752	0000	12
		PL58           		CODE           	1042	0000	14
		PL96           		CODE           	108C	0000	18
		PL68           		CODE           	149A	0000	16
		PL104          		CODE           	10C2	0000	18
		PL142          		CODE           	351A	0000	10
		PL180          		CODE           	110C	0000	10
		PL78           		CODE           	205E	0000	14
		PL204          		CODE           	14D4	0000	8
		i2___wmul      		CODE           	3DD2	0000	38
		PL88           		CODE           	1068	0000	18
		PL114          		CODE           	1E28	0000	18
		PL152          		CODE           	10F8	0000	10
		PL190          		CODE           	0998	0000	10
		PL98           		CODE           	109E	0000	18
		PL124          		CODE           	3244	0000	12
		PL162          		CODE           	2DA6	0000	12
		__initialization		CODE           	375E	0000	76
		PL134          		CODE           	0980	0000	10
		PL172          		CODE           	1E50	0000	10
		i2___lmul      		CODE           	38F4	0000	76
		PL106          		CODE           	30E2	0000	18
		PL144          		CODE           	206C	0000	10
		PL182          		CODE           	1BFE	0000	10
		PL206          		CODE           	1880	0000	6
		_compile_date  		MEDIUMCONST    	7E0D	0000	12
		_compile_time  		MEDIUMCONST    	7E19	0000	9
		PL116          		CODE           	2B74	0000	18
		PL154          		CODE           	1E3A	0000	10
		PL192          		CODE           	2084	0000	10
		_symbol_1      		MEDIUMCONST    	7E52	0000	8
		_symbol_2      		MEDIUMCONST    	7E4A	0000	8
		_symbol_3      		MEDIUMCONST    	7E42	0000	8
		_symbol_4      		MEDIUMCONST    	7E3A	0000	8
		_symbol_5      		MEDIUMCONST    	7E32	0000	8
		_symbol_6      		MEDIUMCONST    	7E2A	0000	8
		_symbol_7      		MEDIUMCONST    	7E22	0000	8
		PL126          		CODE           	0974	0000	6
		PL164          		CODE           	2546	0000	12
		PL136          		CODE           	303C	0000	16
		PL174          		CODE           	2A76	0000	10
		_EncState_     		MEDIUMCONST    	7DED	0000	16
		PL108          		CODE           	27EE	0000	18
		PL146          		CODE           	098A	0000	14
		PL184          		CODE           	30F4	0000	10
		PL208          		CODE           	1886	0000	6
		PL118          		CODE           	185E	0000	18
		PL156          		CODE           	2800	0000	12
		PL194          		CODE           	1E64	0000	10
		_HD44780_CYR   		MEDIUMCONST    	7DAD	0000	64
		PL128          		CODE           	2A6C	0000	10
		PL166          		CODE           	2552	0000	12
		PL138          		CODE           	14BA	0000	16
		PL176          		CODE           	14CA	0000	10
		PL2            		CODE           	1402	0000	20
		PL148          		CODE           	2076	0000	14
		PL186          		CODE           	1C08	0000	10
		PL10           		CODE           	17F6	0000	16
		PL4            		CODE           	1416	0000	36
		PL20           		CODE           	08EA	0000	50
		PL158          		CODE           	2D9A	0000	12
		PL196          		CODE           	09A2	0000	10
		PL30           		CODE           	1812	0000	12
		PL6            		CODE           	143A	0000	50
		PL40           		CODE           	2E9E	0000	14
		PL168          		CODE           	1E44	0000	12

shared estimated size: 2027

ds18b20.c
		_ds18b20_crc8  		CODE           	3858	0000	78
		_init_ds18b20  		CODE           	3D84	0000	40
		_readTemp_Single		CODE           	294E	0000	286

ds18b20.c estimated size: 404

C:\Program Files\Microchip\xc8\v2.36\pic\sources\c99\common\flge.c
		___flge        		CODE           	3382	0000	130

C:\Program Files\Microchip\xc8\v2.36\pic\sources\c99\common\flge.c estimated size: 130

hd44780.c
		_lcd_putc      		CODE           	3EAA	0000	12
		_cgrom_char    		CODE           	3C6A	0000	50
		_lcd_gotoxy    		CODE           	3A1A	0000	66
		_lcdNibble     		CODE           	32EC	0000	140
		_lcdWrite      		CODE           	3C9C	0000	50
		_lcdPrint      		CODE           	2DB2	0000	224
		_initLCD       		CODE           	2B96	0000	270
		_clearLCD      		CODE           	3E74	0000	24

hd44780.c estimated size: 836

main.c
		_show_lcd_main 		CODE           	14DC	0000	794
		_main          		CODE           	00B2	0000	2104
		_init_cpu      		CODE           	2814	0000	314
		_calc_power    		CODE           	26C0	0000	302
		_EncPoll       		CODE           	3CCE	0000	50

main.c estimated size: 3564

C:\Program Files\Microchip\xc8\v2.36\pic\sources\c99\common\Umul16.c
		___wmul        		CODE           	3DAC	0000	38

C:\Program Files\Microchip\xc8\v2.36\pic\sources\c99\common\Umul16.c estimated size: 38

C:\Program Files\Microchip\xc8\v2.36\pic\sources\c99\common\flneg.c
		___flneg       		CODE           	3E1C	0000	32

C:\Program Files\Microchip\xc8\v2.36\pic\sources\c99\common\flneg.c estimated size: 32

C:\Program Files\Microchip\xc8\v2.36\pic\sources\c99\common\isupper.c
		_isupper       		CODE           	3D00	0000	44

C:\Program Files\Microchip\xc8\v2.36\pic\sources\c99\common\isupper.c estimated size: 44

