Microchip MPLAB XC8 Compiler V2.36

Linker command line:

-W-3 --edf=C:\Program Files\Microchip\xc8\v2.36\pic\dat\en_msgs.txt -cn \
  -h+dist/default/production\PZ_PHASE.production.sym \
  --cmf=dist/default/production\PZ_PHASE.production.cmf -z -Q18F25K20 \
  -oC:\Temp\xcAs324.4 --defsym=__MPLAB_BUILD=1 \
  -Mdist/default/production/PZ_PHASE.production.map \
  --md=C:\Temp\xcAs324.dat -E1 -ver=XC8 Compiler --acfsm=1493 \
  -ACODE=00h-07FFFh -ACONST=00h-07FFFh -ASMALLCONST=0600h-06FFhx122 \
  -AMEDIUMCONST=0600h-07FFFh -ACOMRAM=01h-05Fh -AABS1=00h-05FFh \
  -ABIGRAM=01h-05FFh -ARAM=060h-0FFh,0100h-01FFhx5 -ABANK0=060h-0FFh \
  -ABANK1=0100h-01FFh -ABANK2=0200h-02FFh -ABANK3=0300h-03FFh \
  -ABANK4=0400h-04FFh -ABANK5=0500h-05FFh -ASFR=0F60h-0FFFh \
  -ABIGSFR=0F60h-0FFFh -ACONFIG=0300000h-030000Dh -AIDLOC=0200000h-0200007h \
  -AEEDATA=0F00000h-0F000FFh -peeprom_data=EEDATA \
  -preset_vec=00h,intcode=08h,intcodelo=018h,powerup,init -pramtop=0600h \
  -psmallconst=SMALLCONST -pmediumconst=MEDIUMCONST -pconst=CONST \
  -AFARRAM=00h-00h \
  -prdata=COMRAM,nvrram=COMRAM,nvbit=COMRAM,rbss=COMRAM,rbit=COMRAM \
  -pfarbss=FARRAM,fardata=FARRAM,nvFARRAM=FARRAM \
  -pintsave_regs=BIGRAM,bigbss=BIGRAM,bigdata=BIGRAM -pbss=RAM \
  -pidata=CODE,irdata=CODE,ibigdata=CODE,ifardata=CODE -prparam=COMRAM \
  C:\Temp\xcAs324.o dist/default/production\PZ_PHASE.production.o 

Object code version is 3.11

Machine type is 18F25K20



                Name                               Link     Load   Length Selector   Space Scale
C:\Temp\xcAs324.o
                idloc                            200000   200000        8        0       5
                config                           300000   300000        E        0       4
                init                                 D0       D0        4        C       0
                reset_vec                             0        0        4        0       0
dist/default/production\PZ_PHASE.production.o
                eeprom_data                      F00000   F00000        8   F00000       0
                intcodelo                            18       18       B8        C       0
                intcode                               8        8        6        4       0
                idloc                            200000   200000        8        0       5
                config                           300000   300000        E        0       4
                temp                                 4A       4A        1        1       1
                mediumconst                        7DC6     7DC6      23A     3EE3       0
                text38                             1AE8     1AE8       4C        C       0
                intcode_body                       1588     1588       FA        C       0
                text35                             1D9C     1D9C       32        C       0
                text34                             176C     176C       9C        C       0
                text33                             1374     1374      10C        C       0
                text32                             189E     189E       96        C       0
                text31                             1D6A     1D6A       32        C       0
                text30                             1D38     1D38       32        C       0
                text29                             1EA4     1EA4       18        C       0
                text28                             1266     1266      10E        C       0
                text27                             1C08     1C08       40        C       0
                text26                             1DCE     1DCE       2C        C       0
                text25                             1C86     1C86       3E        C       0
                text24                             1DFA     1DFA       28        C       0
                text23                             1144     1144      122        C       0
                text22                             1EDA     1EDA        A        C       0
                text21                             1CC4     1CC4       3C        C       0
                text20                             1934     1934       94        C       0
                text19                             1B7E     1B7E       4A        C       0
                text18                             1E88     1E88       1C        C       0
                text17                             1BC8     1BC8       40        C       0
                text16                             1480     1480      108        C       0
                text15                             1EBC     1EBC       12        C       0
                text14                             19C8     19C8       76        C       0
                text13                             1A9C     1A9C       4C        C       0
                text12                             1808     1808       96        C       0
                text11                             1D00     1D00       38        C       0
                text10                             1682     1682       EA        C       0
                text9                              1ECE     1ECE        C        C       0
                text8                              1B34     1B34       4A        C       0
                text7                              1C48     1C48       3E        C       0
                text6                              1E22     1E22       26        C       0
                text5                              1E6C     1E6C       1C        C       0
                text4                               CC2      CC2      2DC        C       0
                text3                               996      996      32C        C       0
                text2                               F9E      F9E      1A6        C       0
                text1                              1E48     1E48       24        C       0
                text0                                D4       D4      8C2        C       0
                cstackCOMRAM                          1        1       2F        1       1
                cstackBANK0                          AD       AD       21       60       1
                dataBANK0                            CE       CE        3       60       1
                bssBANK0                             60       60       4D       60       1
                dataCOMRAM                           48       48        2        1       1
                bssCOMRAM                            30       30       17        1       1
                bitbssCOMRAM                        238       47        7        1       1     8
                cinit                              1A3E     1A3E       5E        C       0
                idataBANK0                         1EE4     1EE4        3        C       0
                idataCOMRAM                        1EE7     1EE7        2        C       0

TOTAL           Name                               Link     Load   Length     Space
        CLASS   CODE           
                intcodelo                            18       18       B8         0
                intcode                               8        8        6         0
                init                                 D0       D0        4         0
                reset_vec                             0        0        4         0
                text38                             1AE8     1AE8       4C         0
                intcode_body                       1588     1588       FA         0
                text35                             1D9C     1D9C       32         0
                text34                             176C     176C       9C         0
                text33                             1374     1374      10C         0
                text32                             189E     189E       96         0
                text31                             1D6A     1D6A       32         0
                text30                             1D38     1D38       32         0
                text29                             1EA4     1EA4       18         0
                text28                             1266     1266      10E         0
                text27                             1C08     1C08       40         0
                text26                             1DCE     1DCE       2C         0
                text25                             1C86     1C86       3E         0
                text24                             1DFA     1DFA       28         0
                text23                             1144     1144      122         0
                text22                             1EDA     1EDA        A         0
                text21                             1CC4     1CC4       3C         0
                text20                             1934     1934       94         0
                text19                             1B7E     1B7E       4A         0
                text18                             1E88     1E88       1C         0
                text17                             1BC8     1BC8       40         0
                text16                             1480     1480      108         0
                text15                             1EBC     1EBC       12         0
                text14                             19C8     19C8       76         0
                text13                             1A9C     1A9C       4C         0
                text12                             1808     1808       96         0
                text11                             1D00     1D00       38         0
                text10                             1682     1682       EA         0
                text9                              1ECE     1ECE        C         0
                text8                              1B34     1B34       4A         0
                text7                              1C48     1C48       3E         0
                text6                              1E22     1E22       26         0
                text5                              1E6C     1E6C       1C         0
                text4                               CC2      CC2      2DC         0
                text3                               996      996      32C         0
                text2                               F9E      F9E      1A6         0
                text1                              1E48     1E48       24         0
                text0                                D4       D4      8C2         0
                cinit                              1A3E     1A3E       5E         0
                idataBANK0                         1EE4     1EE4        3         0
                idataCOMRAM                        1EE7     1EE7        2         0

        CLASS   CONST          

        CLASS   SMALLCONST     

        CLASS   MEDIUMCONST    
                mediumconst                        7DC6     7DC6      23A         0

        CLASS   COMRAM         
                temp                                 4A       4A        1         1
                cstackCOMRAM                          1        1       2F         1
                dataCOMRAM                           48       48        2         1
                bssCOMRAM                            30       30       17         1
                bitbssCOMRAM                        238       47        7         1

        CLASS   ABS1           

        CLASS   BIGRAM         

        CLASS   RAM            

        CLASS   BANK0          
                cstackBANK0                          AD       AD       21         1
                dataBANK0                            CE       CE        3         1
                bssBANK0                             60       60       4D         1

        CLASS   BANK1          

        CLASS   BANK2          

        CLASS   BANK3          

        CLASS   BANK4          

        CLASS   BANK5          

        CLASS   SFR            

        CLASS   BIGSFR         

        CLASS   CONFIG         
                config                           300000   300000        E         4

        CLASS   IDLOC          
                idloc                            200000   200000        8         5

        CLASS   EEDATA         
                eeprom_data                      F00000   F00000        8         0

        CLASS   FARRAM         

        CLASS   HEAP           

        CLASS   STACK          



SEGMENTS        Name                           Load    Length   Top    Selector   Space  Class

                reset_vec                      000000  000004  000004         0       0  CODE    
                cstackCOMRAM                   000001  00004A  00004B         1       1  COMRAM  
                intcode                        000008  000006  00000E         4       0  CODE    
                intcodelo                      000018  001ED1  001EE9         C       0  CODE    
                bssBANK0                       000060  000071  0000D1        60       1  BANK0   
                mediumconst                    007DC6  00023A  008000      3EE3       0  MEDIUMCO
                eeprom_data                    F00000  000008  F00008    F00000       0  EEDATA  


UNUSED ADDRESS RANGES

        Name                Unused          Largest block    Delta
        BANK0            0000D1-0000FF               2F
        BANK1            000100-0001FF              100
        BANK2            000200-0002FF              100
        BANK3            000300-0003FF              100
        BANK4            000400-0004FF              100
        BANK5            000500-0005FF              100
        BIGRAM           00004B-00005F               15
                         0000D1-0005FF              52F
        BIGSFR           000F60-000FFF               A0
        CODE             000004-000007                4
                         00000E-000017                A
                         001EE9-007DC5             5EDD
        COMRAM           00004B-00005F               15
        CONST            000004-000007                4
                         00000E-000017                A
                         001EE9-007DC5             5EDD
        EEDATA           F00008-F000FF               F8
        MEDIUMCONST      001EE9-007DC5             5EDD
        RAM              0000D1-0005FF              100
        SFR              000F60-000FFF               A0
        SMALLCONST       001EE9-007DC5              100

                                  Symbol Table

?___fltol                 cstackCOMRAM 00002C
?___lldiv                 cstackCOMRAM 000016
?___lmul                  cstackCOMRAM 000016
?___lwdiv                 cstackCOMRAM 000016
?___lwmod                 cstackCOMRAM 00001D
?___wmul                  cstackCOMRAM 000016
?___xxtofl                cstackCOMRAM 000016
?_calc_power              cstackCOMRAM 000023
?_sprintf                 cstackCOMRAM 000022
?_sqrt                    cstackCOMRAM 000024
?i2___lmul                cstackCOMRAM 000001
EncPoll@Enc               bssCOMRAM    00003B
EncPoll@EncVal            bssCOMRAM    00003C
Inter_lo@tmrtmp           cstackCOMRAM 000014
PL10                      text10       001758
PL12                      text0        000904
PL14                      text4        000F3C
PL16                      text4        000F4A
PL18                      text0        000916
PL2                       text3        000C62
PL20                      text0        000920
PL22                      text0        000932
PL24                      text2        001110
PL26                      text4        000F58
PL28                      text3        000C7E
PL30                      text3        000C84
PL32                      text2        001122
PL34                      text0        000944
PL36                      text4        000F6A
PL38                      text0        00094A
PL4                       text3        000C72
PL40                      text0        000950
PL42                      text0        00095E
PL44                      text4        000F7A
PL46                      text20       001966
PL48                      text12       001890
PL50                      text20       001974
PL52                      text20       001982
PL54                      text20       001990
PL56                      text20       00199E
PL58                      text20       0019AC
PL6                       text10       00174C
PL60                      text20       0019BA
PL62                      text3        000C8C
PL64                      text0        00096C
PL66                      text33       001468
PL68                      text2        00112E
PL70                      text33       001474
PL72                      text3        000C9A
PL74                      text4        000F88
PL76                      text3        000CA6
PL78                      text2        00113A
PL8                       text0        0008E2
PL80                      text0        000978
PL82                      text0        000982
PL84                      text16       00157E
PL86                      text4        000F94
PL88                      text0        00098C
PL90                      text32       00192A
PL92                      text10       001766
PL94                      text3        000CB0
PL96                      text3        000CB6
PL98                      text3        000CBC
_ADCON0bits               (abs)        000FC2
_ADCON1                   (abs)        000FC1
_ADCON2bits               (abs)        000FC0
_ADIE                     (abs)        007CEE
_ADIF                     (abs)        007CF6
_ADRESH                   (abs)        000FC4
_ADRESL                   (abs)        000FC3
_ANSELbits                (abs)        000F7E
_AlarmTemp                bssBANK0     000087
_AlarmTempT               bssBANK0     000086
_BAUDCONbits              (abs)        000FB8
_CCP1CONbits              (abs)        000FBD
_CCP1IE                   (abs)        007CEA
_CCP1IF                   (abs)        007CF2
_CCP2CONbits              (abs)        000FBA
_CCPR1H                   (abs)        000FBF
_CCPR1L                   (abs)        000FBE
_CCPR2H                   (abs)        000FBC
_CCPR2L                   (abs)        000FBB
_EEADR                    (abs)        000FA9
_EECON1bits               (abs)        000FA6
_EECON2                   (abs)        000FA7
_EEDATA                   (abs)        000FA8
_EncData                  bssBANK0     000070
_EncPoll                  text35       001D9C
_EncState_                mediumconst  007E07
_HD44780_CYR              mediumconst  007DC7
_INT0IE                   (abs)        007F94
_INT0IF                   (abs)        007F91
_INTCON2bits              (abs)        000FF1
_INTCONbits               (abs)        000FF2
_IPR1bits                 (abs)        000F9F
_Inter_hi                 intcode      000008
_Inter_lo                 intcodelo    000018
_LATA                     (abs)        000F89
_LATAbits                 (abs)        000F89
_LATB                     (abs)        000F8A
_LATC                     (abs)        000F8B
_LATCbits                 (abs)        000F8B
_OSCCONbits               (abs)        000FD3
_OSCTUNEbits              (abs)        000F9B
_PIE1bits                 (abs)        000F9D
_PIR1bits                 (abs)        000F9E
_PORTA                    (abs)        000F80
_PORTB                    (abs)        000F81
_PORTBbits                (abs)        000F81
_PORTC                    (abs)        000F82
_PR2                      (abs)        000FCB
_RBPU                     (abs)        007F8F
_RCONbits                 (abs)        000FD0
_RCSTAbits                (abs)        000FAB
_SPBRG                    (abs)        000FAF
_SPBRGH                   (abs)        000FB0
_T0CONbits                (abs)        000FD5
_T1CONbits                (abs)        000FCD
_T1OSCEN                  (abs)        007E6B
_T2CONbits                (abs)        000FCA
_T3CONbits                (abs)        000FB1
_TMR0IE                   (abs)        007F95
_TMR0IF                   (abs)        007F92
_TMR1CS                   (abs)        007E69
_TMR1H                    (abs)        000FCF
_TMR1IE                   (abs)        007CE8
_TMR1IF                   (abs)        007CF0
_TMR1IP                   (abs)        007CF8
_TMR1L                    (abs)        000FCE
_TMR1ON                   (abs)        007E68
_TMR2IE                   (abs)        007CE9
_TMR2IF                   (abs)        007CF1
_TMR2ON                   (abs)        007E52
_TMR3IE                   (abs)        007D01
_TMR3IP                   (abs)        007D11
_TMR3ON                   (abs)        007D88
_TRISA                    (abs)        000F92
_TRISB                    (abs)        000F93
_TRISBbits                (abs)        000F93
_TRISC                    (abs)        000F94
_TRISCbits                (abs)        000F94
_TXIF                     (abs)        007CF4
_TXREG                    (abs)        000FAD
_TXSTAbits                (abs)        000FAC
_TempEn                   bssBANK0     000085
_TempEnT                  bssBANK0     000084
_TxtBuf                   bssBANK0     00008B
_U_Out                    bssBANK0     000072
_U_meas                   bssCOMRAM    000030
_U_real                   bssBANK0     000074
_U_summ                   bssBANK0     00006C
_U_summTriac              bssBANK0     000068
_WPUB                     (abs)        000F7C
__HRAM                    (abs)        000000
__Habs1                   abs1         000000
__Hbank0                  bank0        000000
__Hbank1                  bank1        000000
__Hbank2                  bank2        000000
__Hbank3                  bank3        000000
__Hbank4                  bank4        000000
__Hbank5                  bank5        000000
__Hbigbss                 bigbss       000000
__Hbigdata                bigdata      000000
__Hbigram                 bigram       000000
__Hbigsfr                 bigsfr       000000
__HbitbssCOMRAM           bitbssCOMRAM 000000
__Hbss                    bss          000000
__HbssBANK0               bssBANK0     000000
__HbssCOMRAM              bssCOMRAM    000000
__Hcinit                  cinit        000000
__Hclrtext                clrtext      000000
__Hcomram                 comram       000000
__Hconfig                 config       30000E
__Hconst                  const        000000
__HcstackBANK0            cstackBANK0  000000
__HcstackCOMRAM           cstackCOMRAM 000000
__Hdata                   data         000000
__HdataBANK0              dataBANK0    000000
__HdataCOMRAM             dataCOMRAM   000000
__Heeprom_data            eeprom_data  F00008
__Hfarbss                 farbss       000000
__Hfardata                fardata      000000
__Hheap                   heap         000000
__Hibigdata               ibigdata     000000
__Hidata                  idata        000000
__HidataBANK0             idataBANK0   000000
__HidataCOMRAM            idataCOMRAM  000000
__Hidloc                  idloc        200008
__Hifardata               ifardata     000000
__Hinit                   init         0000D4
__Hintcode                intcode      00000E
__Hintcode_body           intcode_body 000000
__Hintcodelo              intcodelo    0000D0
__Hintentry               intentry     000000
__Hintret                 intret       000000
__Hintsave_regs           intsave_regs 000000
__Hirdata                 irdata       000000
__Hmediumconst            mediumconst  008000
__HnvFARRAM               nvFARRAM     000000
__Hnvbit                  nvbit        000000
__Hnvrram                 nvrram       000000
__Hpa_nodes0              pa_nodes0    000000
__Hparam                  rparam       000000
__Hpowerup                powerup      0000D0
__Hram                    ram          000000
__Hramtop                 ramtop       000600
__Hrbit                   rbit         000000
__Hrbss                   rbss         000000
__Hrdata                  rdata        000000
__Hreset_vec              reset_vec    000004
__Hrparam                 rparam       000000
__Hsfr                    sfr          000000
__Hsmallconst             smallconst   000000
__Hspace_0                (abs)        F00008
__Hspace_1                (abs)        00023F
__Hspace_2                (abs)        000000
__Hspace_4                (abs)        60000E
__Hstack                  stack        000000
__Hstruct                 struct       000000
__Htemp                   temp         00004B
__Htext                   text         000000
__Htext0                  text0        000000
__Htext1                  text1        000000
__Htext10                 text10       000000
__Htext11                 text11       000000
__Htext12                 text12       000000
__Htext13                 text13       000000
__Htext14                 text14       000000
__Htext15                 text15       000000
__Htext16                 text16       000000
__Htext17                 text17       000000
__Htext18                 text18       000000
__Htext19                 text19       000000
__Htext2                  text2        000000
__Htext20                 text20       000000
__Htext21                 text21       000000
__Htext22                 text22       000000
__Htext23                 text23       000000
__Htext24                 text24       000000
__Htext25                 text25       000000
__Htext26                 text26       000000
__Htext27                 text27       000000
__Htext28                 text28       000000
__Htext29                 text29       000000
__Htext3                  text3        000000
__Htext30                 text30       000000
__Htext31                 text31       000000
__Htext32                 text32       000000
__Htext33                 text33       000000
__Htext34                 text34       000000
__Htext35                 text35       000000
__Htext38                 text38       000000
__Htext4                  text4        000000
__Htext5                  text5        000000
__Htext6                  text6        000000
__Htext7                  text7        000000
__Htext8                  text8        000000
__Htext9                  text9        000000
__LRAM                    (abs)        000001
__Labs1                   abs1         000000
__Lbank0                  bank0        000000
__Lbank1                  bank1        000000
__Lbank2                  bank2        000000
__Lbank3                  bank3        000000
__Lbank4                  bank4        000000
__Lbank5                  bank5        000000
__Lbigbss                 bigbss       000000
__Lbigdata                bigdata      000000
__Lbigram                 bigram       000000
__Lbigsfr                 bigsfr       000000
__LbitbssCOMRAM           bitbssCOMRAM 000000
__Lbss                    bss          000000
__LbssBANK0               bssBANK0     000000
__LbssCOMRAM              bssCOMRAM    000000
__Lcinit                  cinit        000000
__Lclrtext                clrtext      000000
__Lcomram                 comram       000000
__Lconfig                 config       000000
__Lconst                  const        000000
__LcstackBANK0            cstackBANK0  000000
__LcstackCOMRAM           cstackCOMRAM 000000
__Ldata                   data         000000
__LdataBANK0              dataBANK0    000000
__LdataCOMRAM             dataCOMRAM   000000
__Leeprom_data            eeprom_data  F00000
__Lfarbss                 farbss       000000
__Lfardata                fardata      000000
__Lheap                   heap         000000
__Libigdata               ibigdata     000000
__Lidata                  idata        000000
__LidataBANK0             idataBANK0   000000
__LidataCOMRAM            idataCOMRAM  000000
__Lidloc                  idloc        000000
__Lifardata               ifardata     000000
__Linit                   init         0000D0
__Lintcode                intcode      000008
__Lintcode_body           intcode_body 000000
__Lintcodelo              intcodelo    000018
__Lintentry               intentry     000000
__Lintret                 intret       000000
__Lintsave_regs           intsave_regs 000000
__Lirdata                 irdata       000000
__Lmediumconst            mediumconst  007DC6
__LnvFARRAM               nvFARRAM     000000
__Lnvbit                  nvbit        000000
__Lnvrram                 nvrram       000000
__Lpa_nodes0              pa_nodes0    000000
__Lparam                  rparam       000000
__Lpowerup                powerup      0000D0
__Lram                    ram          000000
__Lramtop                 ramtop       000600
__Lrbit                   rbit         000000
__Lrbss                   rbss         000000
__Lrdata                  rdata        000000
__Lreset_vec              reset_vec    000000
__Lrparam                 rparam       000000
__Lsfr                    sfr          000000
__Lsmallconst             smallconst   000000
__Lspace_0                (abs)        000000
__Lspace_1                (abs)        000000
__Lspace_2                (abs)        000000
__Lspace_4                (abs)        000000
__Lstack                  stack        000000
__Lstruct                 struct       000000
__Ltemp                   temp         00004A
__Ltext                   text         000000
__Ltext0                  text0        000000
__Ltext1                  text1        000000
__Ltext10                 text10       000000
__Ltext11                 text11       000000
__Ltext12                 text12       000000
__Ltext13                 text13       000000
__Ltext14                 text14       000000
__Ltext15                 text15       000000
__Ltext16                 text16       000000
__Ltext17                 text17       000000
__Ltext18                 text18       000000
__Ltext19                 text19       000000
__Ltext2                  text2        000000
__Ltext20                 text20       000000
__Ltext21                 text21       000000
__Ltext22                 text22       000000
__Ltext23                 text23       000000
__Ltext24                 text24       000000
__Ltext25                 text25       000000
__Ltext26                 text26       000000
__Ltext27                 text27       000000
__Ltext28                 text28       000000
__Ltext29                 text29       000000
__Ltext3                  text3        000000
__Ltext30                 text30       000000
__Ltext31                 text31       000000
__Ltext32                 text32       000000
__Ltext33                 text33       000000
__Ltext34                 text34       000000
__Ltext35                 text35       000000
__Ltext38                 text38       000000
__Ltext4                  text4        000000
__Ltext5                  text5        000000
__Ltext6                  text6        000000
__Ltext7                  text7        000000
__Ltext8                  text8        000000
__Ltext9                  text9        000000
__S0                      (abs)        F00008
__S1                      (abs)        0000D1
__S4                      (abs)        000000
__S5                      (abs)        000000
___fltol                  text34       00176C
___fltol@exp1             cstackBANK0  0000C7
___fltol@f1               cstackCOMRAM 00002C
___fltol@sign1            cstackBANK0  0000C6
___heap_hi                (abs)        000000
___heap_lo                (abs)        000000
___inthi_sp               stack        000000
___intlo_sp               stack        000000
___lldiv                  text14       0019C8
___lldiv@counter          cstackCOMRAM 000022
___lldiv@dividend         cstackCOMRAM 000016
___lldiv@divisor          cstackCOMRAM 00001A
___lldiv@quotient         cstackCOMRAM 00001E
___lmul                   text13       001A9C
___lmul@multiplicand      cstackCOMRAM 00001A
___lmul@multiplier        cstackCOMRAM 000016
___lmul@product           cstackCOMRAM 00001E
___lwdiv                  text8        001B34
___lwdiv@counter          cstackCOMRAM 00001A
___lwdiv@dividend         cstackCOMRAM 000016
___lwdiv@divisor          cstackCOMRAM 000018
___lwdiv@quotient         cstackCOMRAM 00001B
___lwmod                  text7        001C48
___lwmod@counter          cstackCOMRAM 000021
___lwmod@dividend         cstackCOMRAM 00001D
___lwmod@divisor          cstackCOMRAM 00001F
___param_bank             (abs)        000000
___rparam_used            (abs)        000001
___sp                     stack        000000
___wmul                   text6        001E22
___wmul@multiplicand      cstackCOMRAM 000018
___wmul@multiplier        cstackCOMRAM 000016
___wmul@product           cstackCOMRAM 00001A
___xxtofl                 text33       001374
___xxtofl@arg             cstackCOMRAM 000020
___xxtofl@exp             cstackCOMRAM 00001F
___xxtofl@sign            cstackCOMRAM 00001E
___xxtofl@val             cstackCOMRAM 000016
__accesstop               (abs)        000060
__activetblptr            (abs)        000002
__end_ofPL10              text10       001766
__end_ofPL12              text0        000916
__end_ofPL14              text4        000F4A
__end_ofPL16              text4        000F58
__end_ofPL18              text0        000920
__end_ofPL2               text3        000C72
__end_ofPL20              text0        000932
__end_ofPL22              text0        000944
__end_ofPL24              text2        001122
__end_ofPL26              text4        000F6A
__end_ofPL28              text3        000C84
__end_ofPL30              text3        000C8C
__end_ofPL32              text2        00112E
__end_ofPL34              text0        00094A
__end_ofPL36              text4        000F7A
__end_ofPL38              text0        000950
__end_ofPL4               text3        000C7E
__end_ofPL40              text0        00095E
__end_ofPL42              text0        00096C
__end_ofPL44              text4        000F88
__end_ofPL46              text20       001974
__end_ofPL48              text12       00189E
__end_ofPL50              text20       001982
__end_ofPL52              text20       001990
__end_ofPL54              text20       00199E
__end_ofPL56              text20       0019AC
__end_ofPL58              text20       0019BA
__end_ofPL6               text10       001758
__end_ofPL60              text20       0019C8
__end_ofPL62              text3        000C9A
__end_ofPL64              text0        000978
__end_ofPL66              text33       001474
__end_ofPL68              text2        00113A
__end_ofPL70              text33       001480
__end_ofPL72              text3        000CA6
__end_ofPL74              text4        000F94
__end_ofPL76              text3        000CB0
__end_ofPL78              text2        001144
__end_ofPL8               text0        000904
__end_ofPL80              text0        000982
__end_ofPL82              text0        00098C
__end_ofPL84              text16       001588
__end_ofPL86              text4        000F9E
__end_ofPL88              text0        000996
__end_ofPL90              text32       001934
__end_ofPL92              text10       00176C
__end_ofPL94              text3        000CB6
__end_ofPL96              text3        000CBC
__end_ofPL98              text3        000CC2
__end_of_EncPoll          text35       001DCE
__end_of_EncState_        mediumconst  007E17
__end_of_HD44780_CYR      mediumconst  007E07
__end_of_Inter_hi         intcode_body 001682
__end_of_Inter_lo         intcodelo    0000D0
__end_of___fltol          text34       001808
__end_of___lldiv          text14       001A3E
__end_of___lmul           text13       001AE8
__end_of___lwdiv          text8        001B7E
__end_of___lwmod          text7        001C86
__end_of___wmul           text6        001E48
__end_of___xxtofl         text33       001468
__end_of__initialization  cinit        001A8E
__end_of_calc_power       text12       001890
__end_of_cgrom_char       text30       001D6A
__end_of_clearLCD         text29       001EBC
__end_of_compile_date     mediumconst  007E3D
__end_of_compile_time     mediumconst  007E46
__end_of_dpowers          mediumconst  007E31
__end_of_ds18b20_crc8     text19       001BC8
__end_of_fract            mediumconst  007E27
__end_of_initLCD          text28       001374
__end_of_init_cpu         text23       001266
__end_of_init_ds18b20     text24       001E22
__end_of_isdigit          text5        001E88
__end_of_key_GetKey       text22       001EE4
__end_of_key_press        text21       001D00
__end_of_lcdNibble        text32       00192A
__end_of_lcdPrint         text10       00174C
__end_of_lcdWrite         text31       001D9C
__end_of_lcd_gotoxy       text11       001D38
__end_of_lcd_preload      text20       001966
__end_of_lcd_putc         text9        001EDA
__end_of_main             text0        0008E2
__end_of_ow_reset         text27       001C48
__end_of_readTemp_Single  text16       00157E
__end_of_read_bit         text18       001EA4
__end_of_read_byte        text17       001C08
__end_of_read_eep         text15       001ECE
__end_of_show_lcd_main    text3        000C62
__end_of_sprintf          text4        000F3C
__end_of_sqrt             text2        001110
__end_of_symbol_1         mediumconst  007E7E
__end_of_symbol_2         mediumconst  007E76
__end_of_symbol_3         mediumconst  007E6E
__end_of_symbol_4         mediumconst  007E66
__end_of_symbol_5         mediumconst  007E5E
__end_of_symbol_6         mediumconst  007E56
__end_of_symbol_7         mediumconst  007E4E
__end_of_write_bit        text26       001DFA
__end_of_write_byte       text25       001CC4
__end_of_write_eep        text1        001E6C
__end_ofi2___lmul         text38       001B34
__initialization          cinit        001A3E
__mediumconst             mediumconst  007DC6
__pbitbssCOMRAM           bitbssCOMRAM 000238
__pbssBANK0               bssBANK0     000060
__pbssCOMRAM              bssCOMRAM    000030
__pcinit                  cinit        001A3E
__pcstackBANK0            cstackBANK0  0000AD
__pcstackCOMRAM           cstackCOMRAM 000001
__pdataBANK0              dataBANK0    0000CE
__pdataCOMRAM             dataCOMRAM   000048
__pidataBANK0             idataBANK0   001EE4
__pidataCOMRAM            idataCOMRAM  001EE7
__pintcode                intcode      000008
__pintcode_body           intcode_body 001588
__pintcodelo              intcodelo    000018
__pmediumconst            mediumconst  007DC6
__ptext0                  text0        0000D4
__ptext1                  text1        001E48
__ptext10                 text10       001682
__ptext11                 text11       001D00
__ptext12                 text12       001808
__ptext13                 text13       001A9C
__ptext14                 text14       0019C8
__ptext15                 text15       001EBC
__ptext16                 text16       001480
__ptext17                 text17       001BC8
__ptext18                 text18       001E88
__ptext19                 text19       001B7E
__ptext2                  text2        000F9E
__ptext20                 text20       001934
__ptext21                 text21       001CC4
__ptext22                 text22       001EDA
__ptext23                 text23       001144
__ptext24                 text24       001DFA
__ptext25                 text25       001C86
__ptext26                 text26       001DCE
__ptext27                 text27       001C08
__ptext28                 text28       001266
__ptext29                 text29       001EA4
__ptext3                  text3        000996
__ptext30                 text30       001D38
__ptext31                 text31       001D6A
__ptext32                 text32       00189E
__ptext33                 text33       001374
__ptext34                 text34       00176C
__ptext35                 text35       001D9C
__ptext38                 text38       001AE8
__ptext4                  text4        000CC2
__ptext5                  text5        001E6C
__ptext6                  text6        001E22
__ptext7                  text7        001C48
__ptext8                  text8        001B34
__ptext9                  text9        001ECE
__ramtop                  ramtop       000600
__smallconst              smallconst   000000
_angleU                   dataBANK0    0000CE
_angle_U_ocr              dataCOMRAM   000048
_calc_power               text12       001808
_calc_power$2596          cstackBANK0  0000B1
_cgrom_char               text30       001D38
_clearLCD                 text29       001EA4
_cnt_adc                  bssBANK0     00007A
_compile_date             mediumconst  007E31
_compile_time             mediumconst  007E3D
_countTmp                 bssBANK0     000088
_count_enc                bssBANK0     000080
_dpowers                  mediumconst  007E27
_ds18b20_crc8             text19       001B7E
_enTmp                    bitbssCOMRAM 00023D
_eusartRxCount            bssCOMRAM    000043
_eusartTxBufferRemaining  bssCOMRAM    000044
_fract                    mediumconst  007E17
_getU                     bssCOMRAM    00003E
_inc_data                 bitbssCOMRAM 00023A
_initLCD                  text28       001266
_init_cpu                 text23       001144
_init_ds18b20             text24       001DFA
_isTemp                   bssCOMRAM    00003D
_isTempReady              bssBANK0     000083
_is_stab                  bitbssCOMRAM 00023C
_isdigit                  text5        001E6C
_isdigit$2376             cstackCOMRAM 000017
_key_GetKey               text22       001EDA
_key_press                text21       001CC4
_key_pressed              bssCOMRAM    00003A
_lcdNibble                text32       00189E
_lcdPrint                 text10       001682
_lcdWrite                 text31       001D6A
_lcd_gotoxy               text11       001D00
_lcd_preload              text20       001934
_lcd_putc                 text9        001ECE
_main                     text0        0000D4
_main$1571                cstackBANK0  0000CC
_minus                    bssBANK0     0000AB
_oldOldTemperature        bssBANK0     000076
_oldTemperature           bssBANK0     000078
_ow_reset                 text27       001C08
_power_100                bitbssCOMRAM 00023E
_pressed_key              bssBANK0     000082
_r_dec                    bssBANK0     00007E
_r_whole                  bssBANK0     00007F
_readTemp_Single          text16       001480
_read_bit                 text18       001E88
_read_byte                text17       001BC8
_read_eep                 text15       001EBC
_read_key                 bssBANK0     000089
_scratch                  bssBANK0     0000A0
_sel_main                 bssBANK0     00007D
_show_lcd_main            text3        000996
_show_tp                  bitbssCOMRAM 00023B
_sound_delay              bssCOMRAM    000038
_sound_enable             bssCOMRAM    000041
_sprintf                  text4        000CC2
_sqrt                     text2        000F9E
_sqrtU_sum                bssBANK0     000064
_stab                     dataBANK0    0000D0
_symbol_1                 mediumconst  007E76
_symbol_2                 mediumconst  007E6E
_symbol_3                 mediumconst  007E66
_symbol_4                 mediumconst  007E5E
_symbol_5                 mediumconst  007E56
_symbol_6                 mediumconst  007E4E
_symbol_7                 mediumconst  007E46
_t_res                    bssBANK0     000060
_temperature              bssBANK0     0000A9
_tick_t1                  bssBANK0     00008A
_tick_t1_1                bssCOMRAM    000042
_time_flag                bssBANK0     0000AC
_timer_val                bssCOMRAM    000045
_triacON                  bssCOMRAM    000040
_u_set                    bssBANK0     000081
_watt_disp                bssCOMRAM    000036
_write_bit                text26       001DCE
_write_byte               text25       001C86
_write_eep                text1        001E48
_zero                     bssCOMRAM    00003F
btemp                     temp         00004A
calc_power@p_w            cstackBANK0  0000B5
calc_power@res            cstackCOMRAM 000023
calc_power@tt             cstackBANK0  0000AD
calc_power@u_rl           cstackCOMRAM 000027
cgrom_char@address        cstackCOMRAM 00001C
cgrom_char@i              cstackCOMRAM 00001D
cgrom_char@symbol         cstackCOMRAM 00001A
ds18b20_crc8@bit_counter  cstackCOMRAM 000018
ds18b20_crc8@crc          cstackCOMRAM 00001C
ds18b20_crc8@data         cstackCOMRAM 000019
ds18b20_crc8@data_in      cstackCOMRAM 000016
ds18b20_crc8@feedback_bit cstackCOMRAM 00001A
ds18b20_crc8@loop_count   cstackCOMRAM 00001B
ds18b20_crc8@num_bytes    cstackCOMRAM 000017
end_of_initialization     cinit        001A8E
i2___lmul                 text38       001AE8
i2___lmul@multiplicand    cstackCOMRAM 000005
i2___lmul@multiplier      cstackCOMRAM 000001
i2___lmul@product         cstackCOMRAM 000009
int$flags                 temp         00004A
int_func                  intcode_body 001588
intlevel0                 text         000000
intlevel1                 text         000000
intlevel2                 text         000000
intlevel3                 text         000000
isa$std                   (abs)        000001
isa$xinst                 (abs)        000000
isdigit@c                 cstackCOMRAM 000018
key_GetKey@key            cstackCOMRAM 000016
key_press@count           bssCOMRAM    000034
key_press@key             cstackCOMRAM 000016
lcdNibble@nibble          cstackCOMRAM 000017
lcdPrint@t                cstackCOMRAM 00001D
lcdWrite@byte             cstackCOMRAM 000019
lcdWrite@type             cstackCOMRAM 000018
lcd_gotoxy@address        cstackCOMRAM 00001C
lcd_gotoxy@x              cstackCOMRAM 00001B
lcd_gotoxy@y              cstackCOMRAM 00001A
lcd_putc@c                cstackCOMRAM 00001A
main@alarm_enable         bitbssCOMRAM 000238
main@powerOFF             bssBANK0     00007C
main@whole_dec            bitbssCOMRAM 000239
ow_reset@presence         cstackCOMRAM 000017
readTemp_Single@buf       cstackCOMRAM 00001D
readTemp_Single@i         cstackCOMRAM 000024
readTemp_Single@minus     cstackCOMRAM 00001E
readTemp_Single@temp      cstackCOMRAM 000025
readTemp_Single@time_flag cstackCOMRAM 00001F
readTemp_Single@timer_val cstackCOMRAM 000020
readTemp_Single@tmp       cstackCOMRAM 000023
read_byte@i               cstackCOMRAM 000019
read_byte@val             cstackCOMRAM 000018
read_eep@address          cstackCOMRAM 000016
show_lcd_main@pwr_dsp     cstackBANK0  0000B9
sprintf@ap                cstackBANK0  0000B2
sprintf@c                 cstackBANK0  0000B6
sprintf@cp                cstackBANK0  0000B0
sprintf@f                 cstackCOMRAM 000023
sprintf@flag              cstackBANK0  0000B5
sprintf@len               cstackBANK0  0000B3
sprintf@prec              cstackBANK0  0000AF
sprintf@sp                cstackCOMRAM 000022
sprintf@val               cstackBANK0  0000AD
sprintf@width             cstackBANK0  0000B7
sqrt@a                    cstackCOMRAM 000024
sqrt@exp                  cstackBANK0  0000B8
sqrt@frac                 cstackBANK0  0000BA
sqrt@grs                  cstackBANK0  0000B3
sqrt@i                    cstackBANK0  0000AE
sqrt@p                    cstackBANK0  0000B7
sqrt@root                 cstackBANK0  0000BE
sqrt@sign                 cstackBANK0  0000AD
sqrt@tfrac                cstackBANK0  0000AF
stackhi                   (abs)        000000
stacklo                   (abs)        000000
start                     init         0000D0
start_initialization      cinit        001A3E
ttemp5                    temp         00004B
ttemp6                    temp         00004E
ttemp7                    temp         000052
write_bit@bitval          cstackCOMRAM 000016
write_byte@i              cstackCOMRAM 00001B
write_byte@temp           cstackCOMRAM 00001A
write_byte@val            cstackCOMRAM 000019
write_eep@address         cstackCOMRAM 000017
write_eep@data            cstackCOMRAM 000016
wtemp8                    temp         00004B


MODULE INFORMATION

Module		Function		Class		Link	Load	Size
C:\Program Files\Microchip\xc8\v2.36\pic\sources\c90\common\sprcsqrt.c
		_sqrt          		CODE           	0F9E	0000	370

C:\Program Files\Microchip\xc8\v2.36\pic\sources\c90\common\sprcsqrt.c estimated size: 370

C:\Program Files\Microchip\xc8\v2.36\pic\sources\c90\common\doprnt.c
		_sprintf       		CODE           	0CC2	0000	634

C:\Program Files\Microchip\xc8\v2.36\pic\sources\c90\common\doprnt.c estimated size: 634

C:\Program Files\Microchip\xc8\v2.36\pic\sources\c90\common\lwmod.c
		___lwmod       		CODE           	1C48	0000	62

C:\Program Files\Microchip\xc8\v2.36\pic\sources\c90\common\lwmod.c estimated size: 62

C:\Program Files\Microchip\xc8\v2.36\pic\sources\c90\common\Umul16.c
		___wmul        		CODE           	1E22	0000	38

C:\Program Files\Microchip\xc8\v2.36\pic\sources\c90\common\Umul16.c estimated size: 38

C:\Program Files\Microchip\xc8\v2.36\pic\sources\c90\common\lwdiv.c
		___lwdiv       		CODE           	1B34	0000	74

C:\Program Files\Microchip\xc8\v2.36\pic\sources\c90\common\lwdiv.c estimated size: 74

eeprom.c
		_read_eep      		CODE           	1EBC	0000	18
		_write_eep     		CODE           	1E48	0000	36

eeprom.c estimated size: 54

key.c
		_key_GetKey    		CODE           	1EDA	0000	10
		_key_press     		CODE           	1CC4	0000	60

key.c estimated size: 70

C:\Program Files\Microchip\xc8\v2.36\pic\sources\c90\common\fltol.c
		___fltol       		CODE           	176C	0000	156

C:\Program Files\Microchip\xc8\v2.36\pic\sources\c90\common\fltol.c estimated size: 156

C:\Program Files\Microchip\xc8\v2.36\pic\sources\c90\common\__lldiv.c
		___lldiv       		CODE           	19C8	0000	118

C:\Program Files\Microchip\xc8\v2.36\pic\sources\c90\common\__lldiv.c estimated size: 118

onewire.c
		_ow_reset      		CODE           	1C08	0000	64
		_read_bit      		CODE           	1E88	0000	28
		_read_byte     		CODE           	1BC8	0000	64
		_write_bit     		CODE           	1DCE	0000	44
		_write_byte    		CODE           	1C86	0000	62

onewire.c estimated size: 262

interrupt.c
		_Inter_lo      		CODE           	0018	0000	184
		_Inter_hi      		CODE           	0008	0000	256

interrupt.c estimated size: 440

shared
		PL12           		CODE           	0904	0000	18
		PL50           		CODE           	1974	0000	14
		PL8            		CODE           	08E2	0000	34
		PL22           		CODE           	0932	0000	18
		PL60           		CODE           	19BA	0000	14
		PL32           		CODE           	1122	0000	12
		PL70           		CODE           	1474	0000	12
		PL42           		CODE           	095E	0000	14
		PL80           		CODE           	0978	0000	10
		PL14           		CODE           	0F3C	0000	14
		PL52           		CODE           	1982	0000	14
		PL90           		CODE           	192A	0000	10
		PL24           		CODE           	1110	0000	18
		PL62           		CODE           	0C8C	0000	14
		PL34           		CODE           	0944	0000	6
		PL72           		CODE           	0C9A	0000	12
		PL44           		CODE           	0F7A	0000	14
		PL82           		CODE           	0982	0000	10
		PL16           		CODE           	0F4A	0000	14
		PL54           		CODE           	1990	0000	14
		PL92           		CODE           	1766	0000	6
		PL26           		CODE           	0F58	0000	18
		PL64           		CODE           	096C	0000	12
		PL36           		CODE           	0F6A	0000	16
		PL74           		CODE           	0F88	0000	12
		PL46           		CODE           	1966	0000	14
		PL84           		CODE           	157E	0000	10
		_fract         		MEDIUMCONST    	7E17	0000	16
		_dpowers       		MEDIUMCONST    	7E27	0000	10
		PL18           		CODE           	0916	0000	10
		PL56           		CODE           	199E	0000	14
		PL94           		CODE           	0CB0	0000	6
		PL28           		CODE           	0C7E	0000	6
		PL66           		CODE           	1468	0000	12
		PL38           		CODE           	094A	0000	6
		PL76           		CODE           	0CA6	0000	10
		PL48           		CODE           	1890	0000	14
		PL86           		CODE           	0F94	0000	10
		PL58           		CODE           	19AC	0000	14
		PL96           		CODE           	0CB6	0000	6
		PL68           		CODE           	112E	0000	12
		PL78           		CODE           	113A	0000	10
		PL88           		CODE           	098C	0000	10
		PL98           		CODE           	0CBC	0000	6
		__initialization		CODE           	1A3E	0000	80
		i2___lmul      		CODE           	1AE8	0000	76
		_compile_date  		MEDIUMCONST    	7E31	0000	12
		_compile_time  		MEDIUMCONST    	7E3D	0000	9
		_symbol_1      		MEDIUMCONST    	7E76	0000	8
		_symbol_2      		MEDIUMCONST    	7E6E	0000	8
		_symbol_3      		MEDIUMCONST    	7E66	0000	8
		_symbol_4      		MEDIUMCONST    	7E5E	0000	8
		_symbol_5      		MEDIUMCONST    	7E56	0000	8
		_symbol_6      		MEDIUMCONST    	7E4E	0000	8
		_symbol_7      		MEDIUMCONST    	7E46	0000	8
		_EncState_     		MEDIUMCONST    	7E07	0000	16
		_HD44780_CYR   		MEDIUMCONST    	7DC7	0000	64
		PL2            		CODE           	0C62	0000	16
		PL10           		CODE           	1758	0000	14
		PL4            		CODE           	0C72	0000	12
		PL20           		CODE           	0920	0000	18
		PL30           		CODE           	0C84	0000	8
		PL6            		CODE           	174C	0000	12
		PL40           		CODE           	0950	0000	14

shared estimated size: 953

C:\Program Files\Microchip\xc8\v2.36\pic\sources\c90\common\Umul32.c
		___lmul        		CODE           	1A9C	0000	76

C:\Program Files\Microchip\xc8\v2.36\pic\sources\c90\common\Umul32.c estimated size: 76

ds18b20.c
		_ds18b20_crc8  		CODE           	1B7E	0000	74
		_init_ds18b20  		CODE           	1DFA	0000	40
		_readTemp_Single		CODE           	1480	0000	254

ds18b20.c estimated size: 368

C:\Program Files\Microchip\xc8\v2.36\pic\sources\c90\common\xxtofl.c
		___xxtofl      		CODE           	1374	0000	244

C:\Program Files\Microchip\xc8\v2.36\pic\sources\c90\common\xxtofl.c estimated size: 244

hd44780.c
		_lcd_putc      		CODE           	1ECE	0000	12
		_cgrom_char    		CODE           	1D38	0000	50
		_lcd_gotoxy    		CODE           	1D00	0000	56
		_lcdNibble     		CODE           	189E	0000	140
		_lcdWrite      		CODE           	1D6A	0000	50
		_lcdPrint      		CODE           	1682	0000	202
		_initLCD       		CODE           	1266	0000	270
		_clearLCD      		CODE           	1EA4	0000	24

hd44780.c estimated size: 804

C:\Program Files\Microchip\xc8\v2.36\pic\sources\c90\common\isdigit.c
		_isdigit       		CODE           	1E6C	0000	28

C:\Program Files\Microchip\xc8\v2.36\pic\sources\c90\common\isdigit.c estimated size: 28

main.c
		_show_lcd_main 		CODE           	0996	0000	716
		_main          		CODE           	00D4	0000	2062
		_init_cpu      		CODE           	1144	0000	290
		_calc_power    		CODE           	1808	0000	136
		_lcd_preload   		CODE           	1934	0000	50
		_EncPoll       		CODE           	1D9C	0000	50

main.c estimated size: 3304

